Archive member included to satisfy reference by file (symbol)

D:/ST/STM32CubeIDE_2.1.1/STM32CubeIDE/plugins/com.st.stm32cube.ide.mcu.externaltools.gnu-tools-for-stm32.14.3.rel1.win32_1.0.100.202602081740/tools/bin/../lib/gcc/arm-none-eabi/14.3.1/../../../../arm-none-eabi/lib/thumb/v6-m/nofp\libc_nano.a(libc_a-exit.o)
                              D:/ST/STM32CubeIDE_2.1.1/STM32CubeIDE/plugins/com.st.stm32cube.ide.mcu.externaltools.gnu-tools-for-stm32.14.3.rel1.win32_1.0.100.202602081740/tools/bin/../lib/gcc/arm-none-eabi/14.3.1/../../../../arm-none-eabi/lib/thumb/v6-m/nofp/crt0.o (exit)
D:/ST/STM32CubeIDE_2.1.1/STM32CubeIDE/plugins/com.st.stm32cube.ide.mcu.externaltools.gnu-tools-for-stm32.14.3.rel1.win32_1.0.100.202602081740/tools/bin/../lib/gcc/arm-none-eabi/14.3.1/../../../../arm-none-eabi/lib/thumb/v6-m/nofp\libc_nano.a(libc_a-findfp.o)
                              D:/ST/STM32CubeIDE_2.1.1/STM32CubeIDE/plugins/com.st.stm32cube.ide.mcu.externaltools.gnu-tools-for-stm32.14.3.rel1.win32_1.0.100.202602081740/tools/bin/../lib/gcc/arm-none-eabi/14.3.1/../../../../arm-none-eabi/lib/thumb/v6-m/nofp\libc_nano.a(libc_a-exit.o) (__stdio_exit_handler)
D:/ST/STM32CubeIDE_2.1.1/STM32CubeIDE/plugins/com.st.stm32cube.ide.mcu.externaltools.gnu-tools-for-stm32.14.3.rel1.win32_1.0.100.202602081740/tools/bin/../lib/gcc/arm-none-eabi/14.3.1/../../../../arm-none-eabi/lib/thumb/v6-m/nofp\libc_nano.a(libc_a-fwalk.o)
                              D:/ST/STM32CubeIDE_2.1.1/STM32CubeIDE/plugins/com.st.stm32cube.ide.mcu.externaltools.gnu-tools-for-stm32.14.3.rel1.win32_1.0.100.202602081740/tools/bin/../lib/gcc/arm-none-eabi/14.3.1/../../../../arm-none-eabi/lib/thumb/v6-m/nofp\libc_nano.a(libc_a-findfp.o) (_fwalk_sglue)
D:/ST/STM32CubeIDE_2.1.1/STM32CubeIDE/plugins/com.st.stm32cube.ide.mcu.externaltools.gnu-tools-for-stm32.14.3.rel1.win32_1.0.100.202602081740/tools/bin/../lib/gcc/arm-none-eabi/14.3.1/../../../../arm-none-eabi/lib/thumb/v6-m/nofp\libc_nano.a(libc_a-printf.o)
                              ./Core/Src/main.o (printf)
D:/ST/STM32CubeIDE_2.1.1/STM32CubeIDE/plugins/com.st.stm32cube.ide.mcu.externaltools.gnu-tools-for-stm32.14.3.rel1.win32_1.0.100.202602081740/tools/bin/../lib/gcc/arm-none-eabi/14.3.1/../../../../arm-none-eabi/lib/thumb/v6-m/nofp\libc_nano.a(libc_a-puts.o)
                              ./Core/Src/main.o (puts)
D:/ST/STM32CubeIDE_2.1.1/STM32CubeIDE/plugins/com.st.stm32cube.ide.mcu.externaltools.gnu-tools-for-stm32.14.3.rel1.win32_1.0.100.202602081740/tools/bin/../lib/gcc/arm-none-eabi/14.3.1/../../../../arm-none-eabi/lib/thumb/v6-m/nofp\libc_nano.a(libc_a-stdio.o)
                              D:/ST/STM32CubeIDE_2.1.1/STM32CubeIDE/plugins/com.st.stm32cube.ide.mcu.externaltools.gnu-tools-for-stm32.14.3.rel1.win32_1.0.100.202602081740/tools/bin/../lib/gcc/arm-none-eabi/14.3.1/../../../../arm-none-eabi/lib/thumb/v6-m/nofp\libc_nano.a(libc_a-findfp.o) (__sread)
D:/ST/STM32CubeIDE_2.1.1/STM32CubeIDE/plugins/com.st.stm32cube.ide.mcu.externaltools.gnu-tools-for-stm32.14.3.rel1.win32_1.0.100.202602081740/tools/bin/../lib/gcc/arm-none-eabi/14.3.1/../../../../arm-none-eabi/lib/thumb/v6-m/nofp\libc_nano.a(libc_a-wbuf.o)
                              D:/ST/STM32CubeIDE_2.1.1/STM32CubeIDE/plugins/com.st.stm32cube.ide.mcu.externaltools.gnu-tools-for-stm32.14.3.rel1.win32_1.0.100.202602081740/tools/bin/../lib/gcc/arm-none-eabi/14.3.1/../../../../arm-none-eabi/lib/thumb/v6-m/nofp\libc_nano.a(libc_a-puts.o) (__swbuf_r)
D:/ST/STM32CubeIDE_2.1.1/STM32CubeIDE/plugins/com.st.stm32cube.ide.mcu.externaltools.gnu-tools-for-stm32.14.3.rel1.win32_1.0.100.202602081740/tools/bin/../lib/gcc/arm-none-eabi/14.3.1/../../../../arm-none-eabi/lib/thumb/v6-m/nofp\libc_nano.a(libc_a-wsetup.o)
                              D:/ST/STM32CubeIDE_2.1.1/STM32CubeIDE/plugins/com.st.stm32cube.ide.mcu.externaltools.gnu-tools-for-stm32.14.3.rel1.win32_1.0.100.202602081740/tools/bin/../lib/gcc/arm-none-eabi/14.3.1/../../../../arm-none-eabi/lib/thumb/v6-m/nofp\libc_nano.a(libc_a-puts.o) (__swsetup_r)
D:/ST/STM32CubeIDE_2.1.1/STM32CubeIDE/plugins/com.st.stm32cube.ide.mcu.externaltools.gnu-tools-for-stm32.14.3.rel1.win32_1.0.100.202602081740/tools/bin/../lib/gcc/arm-none-eabi/14.3.1/../../../../arm-none-eabi/lib/thumb/v6-m/nofp\libc_nano.a(libc_a-memset.o)
                              D:/ST/STM32CubeIDE_2.1.1/STM32CubeIDE/plugins/com.st.stm32cube.ide.mcu.externaltools.gnu-tools-for-stm32.14.3.rel1.win32_1.0.100.202602081740/tools/bin/../lib/gcc/arm-none-eabi/14.3.1/../../../../arm-none-eabi/lib/thumb/v6-m/nofp/crt0.o (memset)
D:/ST/STM32CubeIDE_2.1.1/STM32CubeIDE/plugins/com.st.stm32cube.ide.mcu.externaltools.gnu-tools-for-stm32.14.3.rel1.win32_1.0.100.202602081740/tools/bin/../lib/gcc/arm-none-eabi/14.3.1/../../../../arm-none-eabi/lib/thumb/v6-m/nofp\libc_nano.a(libc_a-closer.o)
[...]
Memory Configuration

Name             Origin             Length             Attributes
RAM              0x20000000         0x0000a000         xrw
FLASH            0x08000000         0x00040000         xr
*default*        0x00000000         0xffffffff

Linker script and memory map

LOAD D:/ST/STM32CubeIDE_2.1.1/STM32CubeIDE/plugins/com.st.stm32cube.ide.mcu.externaltools.gnu-tools-for-stm32.14.3.rel1.win32_1.0.100.202602081740/tools/bin/../lib/gcc/arm-none-eabi/14.3.1/thumb/v6-m/nofp/crti.o
LOAD D:/ST/STM32CubeIDE_2.1.1/STM32CubeIDE/plugins/com.st.stm32cube.ide.mcu.externaltools.gnu-tools-for-stm32.14.3.rel1.win32_1.0.100.202602081740/tools/bin/../lib/gcc/arm-none-eabi/14.3.1/thumb/v6-m/nofp/crtbegin.o
LOAD D:/ST/STM32CubeIDE_2.1.1/STM32CubeIDE/plugins/com.st.stm32cube.ide.mcu.externaltools.gnu-tools-for-stm32.14.3.rel1.win32_1.0.100.202602081740/tools/bin/../lib/gcc/arm-none-eabi/14.3.1/../../../../arm-none-eabi/lib/thumb/v6-m/nofp/crt0.o
LOAD ./Core/Src/aes.o
LOAD ./Core/Src/gpio.o
LOAD ./Core/Src/main.o
LOAD ./Core/Src/rng.o
LOAD ./Core/Src/stm32u0xx_hal_msp.o
LOAD ./Core/Src/stm32u0xx_it.o
LOAD ./Core/Src/syscalls.o
LOAD ./Core/Src/sysmem.o
LOAD ./Core/Src/system_stm32u0xx.o
LOAD ./Core/Startup/startup_stm32u083rctx.o
LOAD ./Drivers/BSP/STM32U0xx_Nucleo/stm32u0xx_nucleo.o
LOAD ./Drivers/STM32U0xx_HAL_Driver/Src/stm32u0xx_hal.o
LOAD ./Drivers/STM32U0xx_HAL_Driver/Src/stm32u0xx_hal_cortex.o
LOAD ./Drivers/STM32U0xx_HAL_Driver/Src/stm32u0xx_hal_cryp.o
LOAD ./Drivers/STM32U0xx_HAL_Driver/Src/stm32u0xx_hal_cryp_ex.o
LOAD ./Drivers/STM32U0xx_HAL_Driver/Src/stm32u0xx_hal_dma.o
LOAD ./Drivers/STM32U0xx_HAL_Driver/Src/stm32u0xx_hal_dma_ex.o
LOAD ./Drivers/STM32U0xx_HAL_Driver/Src/stm32u0xx_hal_exti.o
LOAD ./Drivers/STM32U0xx_HAL_Driver/Src/stm32u0xx_hal_flash.o
LOAD ./Drivers/STM32U0xx_HAL_Driver/Src/stm32u0xx_hal_flash_ex.o
LOAD ./Drivers/STM32U0xx_HAL_Driver/Src/stm32u0xx_hal_gpio.o
LOAD ./Drivers/STM32U0xx_HAL_Driver/Src/stm32u0xx_hal_pwr.o
LOAD ./Drivers/STM32U0xx_HAL_Driver/Src/stm32u0xx_hal_pwr_ex.o
LOAD ./Drivers/STM32U0xx_HAL_Driver/Src/stm32u0xx_hal_rcc.o
LOAD ./Drivers/STM32U0xx_HAL_Driver/Src/stm32u0xx_hal_rcc_ex.o
LOAD ./Drivers/STM32U0xx_HAL_Driver/Src/stm32u0xx_hal_rng.o
LOAD ./Drivers/STM32U0xx_HAL_Driver/Src/stm32u0xx_hal_rng_ex.o
LOAD ./Drivers/STM32U0xx_HAL_Driver/Src/stm32u0xx_hal_uart.o
LOAD ./Drivers/STM32U0xx_HAL_Driver/Src/stm32u0xx_hal_uart_ex.o
LOAD ./Drivers/STM32U0xx_HAL_Driver/Src/stm32u0xx_hal_usart.o
LOAD ./Drivers/STM32U0xx_HAL_Driver/Src/stm32u0xx_hal_usart_ex.o
LOAD ./Drivers/STM32U0xx_HAL_Driver/Src/stm32u0xx_ll_rng.o
START GROUP
LOAD D:/ST/STM32CubeIDE_2.1.1/STM32CubeIDE/plugins/com.st.stm32cube.ide.mcu.externaltools.gnu-tools-for-stm32.14.3.rel1.win32_1.0.100.202602081740/tools/bin/../lib/gcc/arm-none-eabi/14.3.1/../../../../arm-none-eabi/lib/thumb/v6-m/nofp\libc_nano.a
LOAD D:/ST/STM32CubeIDE_2.1.1/STM32CubeIDE/plugins/com.st.stm32cube.ide.mcu.externaltools.gnu-tools-for-stm32.14.3.rel1.win32_1.0.100.202602081740/tools/bin/../lib/gcc/arm-none-eabi/14.3.1/../../../../arm-none-eabi/lib/thumb/v6-m/nofp\libm.a
END GROUP
START GROUP
LOAD D:/ST/STM32CubeIDE_2.1.1/STM32CubeIDE/plugins/com.st.stm32cube.ide.mcu.externaltools.gnu-tools-for-stm32.14.3.rel1.win32_1.0.100.202602081740/tools/bin/../lib/gcc/arm-none-eabi/14.3.1/thumb/v6-m/nofp\libgcc.a
LOAD D:/ST/STM32CubeIDE_2.1.1/STM32CubeIDE/plugins/com.st.stm32cube.ide.mcu.externaltools.gnu-tools-for-stm32.14.3.rel1.win32_1.0.100.202602081740/tools/bin/../lib/gcc/arm-none-eabi/14.3.1/../../../../arm-none-eabi/lib/thumb/v6-m/nofp\libc_nano.a
END GROUP
START GROUP
LOAD D:/ST/STM32CubeIDE_2.1.1/STM32CubeIDE/plugins/com.st.stm32cube.ide.mcu.externaltools.gnu-tools-for-stm32.14.3.rel1.win32_1.0.100.202602081740/tools/bin/../lib/gcc/arm-none-eabi/14.3.1/thumb/v6-m/nofp\libgcc.a
LOAD D:/ST/STM32CubeIDE_2.1.1/STM32CubeIDE/plugins/com.st.stm32cube.ide.mcu.externaltools.gnu-tools-for-stm32.14.3.rel1.win32_1.0.100.202602081740/tools/bin/../lib/gcc/arm-none-eabi/14.3.1/../../../../arm-none-eabi/lib/thumb/v6-m/nofp\libc_nano.a
LOAD D:/ST/STM32CubeIDE_2.1.1/STM32CubeIDE/plugins/com.st.stm32cube.ide.mcu.externaltools.gnu-tools-for-stm32.14.3.rel1.win32_1.0.100.202602081740/tools/bin/../lib/gcc/arm-none-eabi/14.3.1/../../../../arm-none-eabi/lib/thumb/v6-m/nofp\libnosys.a
END GROUP
START GROUP
LOAD D:/ST/STM32CubeIDE_2.1.1/STM32CubeIDE/plugins/com.st.stm32cube.ide.mcu.externaltools.gnu-tools-for-stm32.14.3.rel1.win32_1.0.100.202602081740/tools/bin/../lib/gcc/arm-none-eabi/14.3.1/thumb/v6-m/nofp\libgcc.a
LOAD D:/ST/STM32CubeIDE_2.1.1/STM32CubeIDE/plugins/com.st.stm32cube.ide.mcu.externaltools.gnu-tools-for-stm32.14.3.rel1.win32_1.0.100.202602081740/tools/bin/../lib/gcc/arm-none-eabi/14.3.1/../../../../arm-none-eabi/lib/thumb/v6-m/nofp\libc_nano.a
LOAD D:/ST/STM32CubeIDE_2.1.1/STM32CubeIDE/plugins/com.st.stm32cube.ide.mcu.externaltools.gnu-tools-for-stm32.14.3.rel1.win32_1.0.100.202602081740/tools/bin/../lib/gcc/arm-none-eabi/14.3.1/../../../../arm-none-eabi/lib/thumb/v6-m/nofp\libnosys.a
END GROUP
LOAD D:/ST/STM32CubeIDE_2.1.1/STM32CubeIDE/plugins/com.st.stm32cube.ide.mcu.externaltools.gnu-tools-for-stm32.14.3.rel1.win32_1.0.100.202602081740/tools/bin/../lib/gcc/arm-none-eabi/14.3.1/thumb/v6-m/nofp/crtend.o
LOAD D:/ST/STM32CubeIDE_2.1.1/STM32CubeIDE/plugins/com.st.stm32cube.ide.mcu.externaltools.gnu-tools-for-stm32.14.3.rel1.win32_1.0.100.202602081740/tools/bin/../lib/gcc/arm-none-eabi/14.3.1/thumb/v6-m/nofp/crtn.o
                0x2000a000                        _estack = (ORIGIN (RAM) + LENGTH (RAM))
                0x00000200                        _Min_Heap_Size = 0x200
                0x00000400                        _Min_Stack_Size = 0x400

.isr_vector     0x08000000       0xc0
                0x08000000                        . = ALIGN (0x4)
 *(.isr_vector)
 .isr_vector    0x08000000       0xc0 ./Core/Startup/startup_stm32u083rctx.o
                0x08000000                g_pfnVectors
                0x080000c0                        . = ALIGN (0x4)

.text           0x080000c0     0x58b8
                0x080000c0                        . = ALIGN (0x4)
 *(.text)
 .text          0x080000c0       0x48 D:/ST/STM32CubeIDE_2.1.1/STM32CubeIDE/plugins/com.st.stm32cube.ide.mcu.externaltools.gnu-tools-for-stm32.14.3.rel1.win32_1.0.100.202602081740/tools/bin/../lib/gcc/arm-none-eabi/14.3.1/thumb/v6-m/nofp/crtbegin.o
 .text          0x08000108       0x14 D:/ST/STM32CubeIDE_2.1.1/STM32CubeIDE/plugins/com.st.stm32cube.ide.mcu.externaltools.gnu-tools-for-stm32.14.3.rel1.win32_1.0.100.202602081740/tools/bin/../lib/gcc/arm-none-eabi/14.3.1/thumb/v6-m/nofp\libgcc.a(_thumb1_case_shi.o)
                0x08000108                __gnu_thumb1_case_shi
 .text          0x0800011c      0x114 D:/ST/STM32CubeIDE_2.1.1/STM32CubeIDE/plugins/com.st.stm32cube.ide.mcu.externaltools.gnu-tools-for-stm32.14.3.rel1.win32_1.0.100.202602081740/tools/bin/../lib/gcc/arm-none-eabi/14.3.1/thumb/v6-m/nofp\libgcc.a(_udivsi3.o)
                0x0800011c                __aeabi_uidiv
                0x0800011c                __udivsi3
                0x08000228                __aeabi_uidivmod
 .text          0x08000230        0x4 D:/ST/STM32CubeIDE_2.1.1/STM32CubeIDE/plugins/com.st.stm32cube.ide.mcu.externaltools.gnu-tools-for-stm32.14.3.rel1.win32_1.0.100.202602081740/tools/bin/../lib/gcc/arm-none-eabi/14.3.1/thumb/v6-m/nofp\libgcc.a(_dvmd_tls.o)
                0x08000230                __aeabi_idiv0
                0x08000230                __aeabi_ldiv0
 .text          0x08000234       0x40 D:/ST/STM32CubeIDE_2.1.1/STM32CubeIDE/plugins/com.st.stm32cube.ide.mcu.externaltools.gnu-tools-for-stm32.14.3.rel1.win32_1.0.100.202602081740/tools/bin/../lib/gcc/arm-none-eabi/14.3.1/thumb/v6-m/nofp\libgcc.a(_aeabi_uldivmod.o)
                0x08000234                __aeabi_uldivmod
 .text          0x08000274      0x198 D:/ST/STM32CubeIDE_2.1.1/STM32CubeIDE/plugins/com.st.stm32cube.ide.mcu.externaltools.gnu-tools-for-stm32.14.3.rel1.win32_1.0.100.202602081740/tools/bin/../lib/gcc/arm-none-eabi/14.3.1/thumb/v6-m/nofp\libgcc.a(_udivmoddi4.o)
                0x08000274                __udivmoddi4
 .text          0x0800040c       0x18 D:/ST/STM32CubeIDE_2.1.1/STM32CubeIDE/plugins/com.st.stm32cube.ide.mcu.externaltools.gnu-tools-for-stm32.14.3.rel1.win32_1.0.100.202602081740/tools/bin/../lib/gcc/arm-none-eabi/14.3.1/thumb/v6-m/nofp\libgcc.a(_clzdi2.o)
                0x0800040c                __clzdi2
 .text          0x08000424       0x3c D:/ST/STM32CubeIDE_2.1.1/STM32CubeIDE/plugins/com.st.stm32cube.ide.mcu.externaltools.gnu-tools-for-stm32.14.3.rel1.win32_1.0.100.202602081740/tools/bin/../lib/gcc/arm-none-eabi/14.3.1/thumb/v6-m/nofp\libgcc.a(_clzsi2.o)
                0x08000424                __clzsi2
 *(.text*)
 .text.MX_AES_Init
                0x08000460       0x58 ./Core/Src/aes.o
                0x08000460                MX_AES_Init
 .text.HAL_CRYP_MspInit
                0x080004b8       0x50 ./Core/Src/aes.o
                0x080004b8                HAL_CRYP_MspInit
 .text.MX_GPIO_Init
                0x08000508       0x5c ./Core/Src/gpio.o
                0x08000508                MX_GPIO_Init
 .text.main     0x08000564       0xbc ./Core/Src/main.o
                0x08000564                main
 .text.SystemClock_Config
                0x08000620       0xce ./Core/Src/main.o
                0x08000620                SystemClock_Config
 *fill*         0x080006ee        0x2 
 .text.BSP_PB_Callback
                0x080006f0       0x28 ./Core/Src/main.o
                0x080006f0                BSP_PB_Callback
 .text.Error_Handler
                0x08000718        0xc ./Core/Src/main.o
                0x08000718                Error_Handler
 .text.MX_RNG_Init
                0x08000724       0x30 ./Core/Src/rng.o
                0x08000724                MX_RNG_Init
 .text.HAL_RNG_MspInit
                0x08000754       0x80 ./Core/Src/rng.o
                0x08000754                HAL_RNG_MspInit
 .text.Security_GetRandomSeed_IT
                0x080007d4       0x30 ./Core/Src/rng.o
                0x080007d4                Security_GetRandomSeed_IT
 .text.HAL_RNG_ReadyDataCallback
                0x08000804       0x34 ./Core/Src/rng.o
                0x08000804                HAL_RNG_ReadyDataCallback
 .text.HAL_RNG_ErrorCallback
                0x08000838       0x24 ./Core/Src/rng.o
                0x08000838                HAL_RNG_ErrorCallback
 .text.HAL_MspInit
                0x0800085c       0x48 ./Core/Src/stm32u0xx_hal_msp.o
                0x0800085c                HAL_MspInit
 .text.NMI_Handler
                0x080008a4        0x8 ./Core/Src/stm32u0xx_it.o
                0x080008a4                NMI_Handler
 .text.HardFault_Handler
                0x080008ac        0x8 ./Core/Src/stm32u0xx_it.o
                0x080008ac                HardFault_Handler
 .text.SVC_Handler
                0x080008b4        0xa ./Core/Src/stm32u0xx_it.o
                0x080008b4                SVC_Handler
 .text.PendSV_Handler
                0x080008be        0xa ./Core/Src/stm32u0xx_it.o
                0x080008be                PendSV_Handler
 .text.SysTick_Handler
                0x080008c8        0xe ./Core/Src/stm32u0xx_it.o
                0x080008c8                SysTick_Handler
 .text.EXTI4_15_IRQHandler
                0x080008d6       0x10 ./Core/Src/stm32u0xx_it.o
                0x080008d6                EXTI4_15_IRQHandler
 *fill*         0x080008e6        0x2 
 .text.RNG_CRYP_IRQHandler
                0x080008e8       0x24 ./Core/Src/stm32u0xx_it.o
                0x080008e8                RNG_CRYP_IRQHandler
 .text._read    0x0800090c       0x3a ./Core/Src/syscalls.o
                0x0800090c                _read
 .text._write   0x08000946       0x38 ./Core/Src/syscalls.o
                0x08000946                _write
 .text._close   0x0800097e       0x14 ./Core/Src/syscalls.o
                0x0800097e                _close
 .text._fstat   0x08000992       0x1c ./Core/Src/syscalls.o
                0x08000992                _fstat
 .text._isatty  0x080009ae       0x12 ./Core/Src/syscalls.o
                0x080009ae                _isatty
 .text._lseek   0x080009c0       0x16 ./Core/Src/syscalls.o
                0x080009c0                _lseek
 *fill*         0x080009d6        0x2 
 .text._sbrk    0x080009d8       0x6c ./Core/Src/sysmem.o
                0x080009d8                _sbrk
 .text.SystemInit
                0x08000a44       0x58 ./Core/Src/system_stm32u0xx.o
                0x08000a44                SystemInit
 .text.Reset_Handler
                0x08000a9c       0x50 ./Core/Startup/startup_stm32u083rctx.o
                0x08000a9c                Reset_Handler
 .text.Default_Handler
                0x08000aec        0x2 ./Core/Startup/startup_stm32u083rctx.o
                0x08000aec                WWDG_IWDG_IRQHandler
                0x08000aec                DMA1_Ch4_7_DMA2_Ch1_5_DMAMUX_OVR_IRQHandler
                0x08000aec                TIM1_CC_IRQHandler
                0x08000aec                TSC_IRQHandler
                0x08000aec                USB_DRD_FS_IRQHandler
                0x08000aec                I2C1_IRQHandler
                0x08000aec                TIM7_LPTIM2_IRQHandler
                0x08000aec                RCC_CRS_IRQHandler
                0x08000aec                RTC_TAMP_IRQHandler
                0x08000aec                I2C2_3_4_IRQHandler
                0x08000aec                SPI1_IRQHandler
                0x08000aec                EXTI2_3_IRQHandler
                0x08000aec                USART2_LPUART2_IRQHandler
                0x08000aec                LCD_IRQHandler
                0x08000aec                TIM16_IRQHandler
                0x08000aec                TIM3_IRQHandler
                0x08000aec                DMA1_Channel1_IRQHandler
                0x08000aec                Default_Handler
                0x08000aec                TIM15_LPTIM3_IRQHandler
                0x08000aec                EXTI0_1_IRQHandler
                0x08000aec                SPI2_3_IRQHandler
                0x08000aec                ADC_COMP1_2_IRQHandler
                0x08000aec                PVD_PVM_IRQHandler
                0x08000aec                TIM6_DAC_LPTIM1_IRQHandler
                0x08000aec                TIM2_IRQHandler
                0x08000aec                DMA1_Channel2_3_IRQHandler
                0x08000aec                USART4_LPUART3_IRQHandler
                0x08000aec                FLASH_ECC_IRQHandler
                0x08000aec                USART3_LPUART1_IRQHandler
                0x08000aec                USART1_IRQHandler
                0x08000aec                TIM1_BRK_UP_TRG_COM_IRQHandler
 *fill*         0x08000aee        0x2 
 .text.BSP_LED_Init
                0x08000af0       0x7c ./Drivers/BSP/STM32U0xx_Nucleo/stm32u0xx_nucleo.o
                0x08000af0                BSP_LED_Init
 .text.BSP_LED_On
                0x08000b6c       0x44 ./Drivers/BSP/STM32U0xx_Nucleo/stm32u0xx_nucleo.o
                0x08000b6c                BSP_LED_On
 .text.BSP_LED_Toggle
                0x08000bb0       0x44 ./Drivers/BSP/STM32U0xx_Nucleo/stm32u0xx_nucleo.o
                0x08000bb0                BSP_LED_Toggle
 .text.BSP_PB_Init
                0x08000bf4      0x104 ./Drivers/BSP/STM32U0xx_Nucleo/stm32u0xx_nucleo.o
                0x08000bf4                BSP_PB_Init
 .text.BSP_PB_IRQHandler
                0x08000cf8       0x30 ./Drivers/BSP/STM32U0xx_Nucleo/stm32u0xx_nucleo.o
                0x08000cf8                BSP_PB_IRQHandler
 .text.BSP_COM_Init
                0x08000d28       0x64 ./Drivers/BSP/STM32U0xx_Nucleo/stm32u0xx_nucleo.o
                0x08000d28                BSP_COM_Init
 .text.MX_USART2_Init
                0x08000d8c       0x6c ./Drivers/BSP/STM32U0xx_Nucleo/stm32u0xx_nucleo.o
                0x08000d8c                MX_USART2_Init
 .text.__io_putchar
                0x08000df8       0x34 ./Drivers/BSP/STM32U0xx_Nucleo/stm32u0xx_nucleo.o
                0x08000df8                __io_putchar
 .text.BUTTON_USER_EXTI_Callback
                0x08000e2c       0x10 ./Drivers/BSP/STM32U0xx_Nucleo/stm32u0xx_nucleo.o
 .text.COM1_MspInit
                0x08000e3c       0xb0 ./Drivers/BSP/STM32U0xx_Nucleo/stm32u0xx_nucleo.o
 .text.HAL_Init
                0x08000eec       0x2e ./Drivers/STM32U0xx_HAL_Driver/Src/stm32u0xx_hal.o
                0x08000eec                HAL_Init
 *fill*         0x08000f1a        0x2 
 .text.HAL_InitTick
                0x08000f1c       0x94 ./Drivers/STM32U0xx_HAL_Driver/Src/stm32u0xx_hal.o
                0x08000f1c                HAL_InitTick
 .text.HAL_IncTick
                0x08000fb0       0x24 ./Drivers/STM32U0xx_HAL_Driver/Src/stm32u0xx_hal.o
                0x08000fb0                HAL_IncTick
 .text.HAL_GetTick
                0x08000fd4       0x14 ./Drivers/STM32U0xx_HAL_Driver/Src/stm32u0xx_hal.o
                0x08000fd4                HAL_GetTick
 .text.__NVIC_EnableIRQ
                0x08000fe8       0x34 ./Drivers/STM32U0xx_HAL_Driver/Src/stm32u0xx_hal_cortex.o
 .text.__NVIC_SetPriority
                0x0800101c       0xdc ./Drivers/STM32U0xx_HAL_Driver/Src/stm32u0xx_hal_cortex.o
 .text.SysTick_Config
                0x080010f8       0x48 ./Drivers/STM32U0xx_HAL_Driver/Src/stm32u0xx_hal_cortex.o
 .text.HAL_NVIC_SetPriority
                0x08001140       0x2a ./Drivers/STM32U0xx_HAL_Driver/Src/stm32u0xx_hal_cortex.o
                0x08001140                HAL_NVIC_SetPriority
 .text.HAL_NVIC_EnableIRQ
                0x0800116a       0x20 ./Drivers/STM32U0xx_HAL_Driver/Src/stm32u0xx_hal_cortex.o
                0x0800116a                HAL_NVIC_EnableIRQ
 .text.HAL_SYSTICK_Config
                0x0800118a       0x1a ./Drivers/STM32U0xx_HAL_Driver/Src/stm32u0xx_hal_cortex.o
                0x0800118a                HAL_SYSTICK_Config
 .text.HAL_CRYP_Init
                0x080011a4       0x7c ./Drivers/STM32U0xx_HAL_Driver/Src/stm32u0xx_hal_cryp.o
                0x080011a4                HAL_CRYP_Init
 .text.HAL_CRYP_IRQHandler
                0x08001220       0xba ./Drivers/STM32U0xx_HAL_Driver/Src/stm32u0xx_hal_cryp.o
                0x08001220                HAL_CRYP_IRQHandler
 .text.HAL_CRYP_InCpltCallback
                0x080012da       0x10 ./Drivers/STM32U0xx_HAL_Driver/Src/stm32u0xx_hal_cryp.o
                0x080012da                HAL_CRYP_InCpltCallback
 .text.HAL_CRYP_OutCpltCallback
                0x080012ea       0x10 ./Drivers/STM32U0xx_HAL_Driver/Src/stm32u0xx_hal_cryp.o
                0x080012ea                HAL_CRYP_OutCpltCallback
 .text.HAL_CRYP_ErrorCallback
                0x080012fa       0x10 ./Drivers/STM32U0xx_HAL_Driver/Src/stm32u0xx_hal_cryp.o
                0x080012fa                HAL_CRYP_ErrorCallback
 *fill*         0x0800130a        0x2 
 .text.CRYP_AES_IT
                0x0800130c      0x1b0 ./Drivers/STM32U0xx_HAL_Driver/Src/stm32u0xx_hal_cryp.o
 .text.CRYP_GCMCCM_SetPayloadPhase_IT
                0x080014bc      0x2b4 ./Drivers/STM32U0xx_HAL_Driver/Src/stm32u0xx_hal_cryp.o
 .text.CRYP_GCMCCM_SetHeaderPhase_IT
                0x08001770      0x3cc ./Drivers/STM32U0xx_HAL_Driver/Src/stm32u0xx_hal_cryp.o
 .text.HAL_EXTI_RegisterCallback
                0x08001b3c       0x64 ./Drivers/STM32U0xx_HAL_Driver/Src/stm32u0xx_hal_exti.o
                0x08001b3c                HAL_EXTI_RegisterCallback
 .text.HAL_EXTI_GetHandle
                0x08001ba0       0x24 ./Drivers/STM32U0xx_HAL_Driver/Src/stm32u0xx_hal_exti.o
                0x08001ba0                HAL_EXTI_GetHandle
 .text.HAL_EXTI_IRQHandler
                0x08001bc4       0x94 ./Drivers/STM32U0xx_HAL_Driver/Src/stm32u0xx_hal_exti.o
                0x08001bc4                HAL_EXTI_IRQHandler
 .text.HAL_GPIO_Init
                0x08001c58      0x2e8 ./Drivers/STM32U0xx_HAL_Driver/Src/stm32u0xx_hal_gpio.o
                0x08001c58                HAL_GPIO_Init
 .text.HAL_GPIO_WritePin
                0x08001f40       0x3a ./Drivers/STM32U0xx_HAL_Driver/Src/stm32u0xx_hal_gpio.o
                0x08001f40                HAL_GPIO_WritePin
 .text.HAL_GPIO_TogglePin
                0x08001f7a       0x36 ./Drivers/STM32U0xx_HAL_Driver/Src/stm32u0xx_hal_gpio.o
                0x08001f7a                HAL_GPIO_TogglePin
 .text.HAL_PWREx_ControlVoltageScaling
                0x08001fb0       0xc0 ./Drivers/STM32U0xx_HAL_Driver/Src/stm32u0xx_hal_pwr_ex.o
                0x08001fb0                HAL_PWREx_ControlVoltageScaling
 .text.HAL_PWREx_GetVoltageRange
                0x08002070       0x18 ./Drivers/STM32U0xx_HAL_Driver/Src/stm32u0xx_hal_pwr_ex.o
                0x08002070                HAL_PWREx_GetVoltageRange
 .text.HAL_RCC_OscConfig
                0x08002088      0x854 ./Drivers/STM32U0xx_HAL_Driver/Src/stm32u0xx_hal_rcc.o
                0x08002088                HAL_RCC_OscConfig
 .text.HAL_RCC_ClockConfig
                0x080028dc      0x1d8 ./Drivers/STM32U0xx_HAL_Driver/Src/stm32u0xx_hal_rcc.o
                0x080028dc                HAL_RCC_ClockConfig
 .text.HAL_RCC_GetSysClockFreq
                0x08002ab4      0x138 ./Drivers/STM32U0xx_HAL_Driver/Src/stm32u0xx_hal_rcc.o
                0x08002ab4                HAL_RCC_GetSysClockFreq
 .text.HAL_RCC_GetHCLKFreq
                0x08002bec       0x14 ./Drivers/STM32U0xx_HAL_Driver/Src/stm32u0xx_hal_rcc.o
                0x08002bec                HAL_RCC_GetHCLKFreq
 .text.HAL_RCC_GetPCLK1Freq
                0x08002c00       0x30 ./Drivers/STM32U0xx_HAL_Driver/Src/stm32u0xx_hal_rcc.o
                0x08002c00                HAL_RCC_GetPCLK1Freq
 .text.RCC_SetFlashLatencyFromMSIRange
                0x08002c30       0xd8 ./Drivers/STM32U0xx_HAL_Driver/Src/stm32u0xx_hal_rcc.o
 .text.HAL_RCCEx_PeriphCLKConfig
                0x08002d08      0x44c ./Drivers/STM32U0xx_HAL_Driver/Src/stm32u0xx_hal_rcc_ex.o
                0x08002d08                HAL_RCCEx_PeriphCLKConfig
 .text.HAL_RCCEx_GetPeriphCLKFreq
                0x08003154      0xa98 ./Drivers/STM32U0xx_HAL_Driver/Src/stm32u0xx_hal_rcc_ex.o
                0x08003154                HAL_RCCEx_GetPeriphCLKFreq
 .text.HAL_RCCEx_GetPLLClockFreq
                0x08003bec      0x17c ./Drivers/STM32U0xx_HAL_Driver/Src/stm32u0xx_hal_rcc_ex.o
                0x08003bec                HAL_RCCEx_GetPLLClockFreq
 .text.HAL_RNG_Init
                0x08003d68      0x148 ./Drivers/STM32U0xx_HAL_Driver/Src/stm32u0xx_hal_rng.o
                0x08003d68                HAL_RNG_Init
 .text.HAL_RNG_GenerateRandomNumber_IT
                0x08003eb0       0x66 ./Drivers/STM32U0xx_HAL_Driver/Src/stm32u0xx_hal_rng.o
                0x08003eb0                HAL_RNG_GenerateRandomNumber_IT
 .text.HAL_RNG_IRQHandler
                0x08003f16       0xd0 ./Drivers/STM32U0xx_HAL_Driver/Src/stm32u0xx_hal_rng.o
                0x08003f16                HAL_RNG_IRQHandler
 *fill*         0x08003fe6        0x2 
 .text.HAL_UART_Init
                0x08003fe8       0xac ./Drivers/STM32U0xx_HAL_Driver/Src/stm32u0xx_hal_uart.o
                0x08003fe8                HAL_UART_Init
 .text.HAL_UART_MspInit
                0x08004094       0x10 ./Drivers/STM32U0xx_HAL_Driver/Src/stm32u0xx_hal_uart.o
                0x08004094                HAL_UART_MspInit
 .text.HAL_UART_Transmit
                0x080040a4      0x148 ./Drivers/STM32U0xx_HAL_Driver/Src/stm32u0xx_hal_uart.o
                0x080040a4                HAL_UART_Transmit
 .text.UART_SetConfig
                0x080041ec      0x3a4 ./Drivers/STM32U0xx_HAL_Driver/Src/stm32u0xx_hal_uart.o
                0x080041ec                UART_SetConfig
 .text.UART_AdvFeatureConfig
                0x08004590      0x168 ./Drivers/STM32U0xx_HAL_Driver/Src/stm32u0xx_hal_uart.o
                0x08004590                UART_AdvFeatureConfig
 .text.UART_CheckIdleState
                0x080046f8      0x154 ./Drivers/STM32U0xx_HAL_Driver/Src/stm32u0xx_hal_uart.o
                0x080046f8                UART_CheckIdleState
 .text.UART_WaitOnFlagUntilTimeout
                0x0800484c       0xde ./Drivers/STM32U0xx_HAL_Driver/Src/stm32u0xx_hal_uart.o
                0x0800484c                UART_WaitOnFlagUntilTimeout
 *fill*         0x0800492a        0x2 
 .text.UART_EndRxTransfer
                0x0800492c       0xcc ./Drivers/STM32U0xx_HAL_Driver/Src/stm32u0xx_hal_uart.o
 .text.std      0x080049f8       0x6c D:/ST/STM32CubeIDE_2.1.1/STM32CubeIDE/plugins/com.st.stm32cube.ide.mcu.externaltools.gnu-tools-for-stm32.14.3.rel1.win32_1.0.100.202602081740/tools/bin/../lib/gcc/arm-none-eabi/14.3.1/../../../../arm-none-eabi/lib/thumb/v6-m/nofp\libc_nano.a(libc_a-findfp.o)
 .text.stdio_exit_handler
                0x08004a64       0x1c D:/ST/STM32CubeIDE_2.1.1/STM32CubeIDE/plugins/com.st.stm32cube.ide.mcu.externaltools.gnu-tools-for-stm32.14.3.rel1.win32_1.0.100.202602081740/tools/bin/../lib/gcc/arm-none-eabi/14.3.1/../../../../arm-none-eabi/lib/thumb/v6-m/nofp\libc_nano.a(libc_a-findfp.o)
 .text.cleanup_stdio
                0x08004a80       0x3c D:/ST/STM32CubeIDE_2.1.1/STM32CubeIDE/plugins/com.st.stm32cube.ide.mcu.externaltools.gnu-tools-for-stm32.14.3.rel1.win32_1.0.100.202602081740/tools/bin/../lib/gcc/arm-none-eabi/14.3.1/../../../../arm-none-eabi/lib/thumb/v6-m/nofp\libc_nano.a(libc_a-findfp.o)
 .text.global_stdio_init.part.0
                0x08004abc       0x3c D:/ST/STM32CubeIDE_2.1.1/STM32CubeIDE/plugins/com.st.stm32cube.ide.mcu.externaltools.gnu-tools-for-stm32.14.3.rel1.win32_1.0.100.202602081740/tools/bin/../lib/gcc/arm-none-eabi/14.3.1/../../../../arm-none-eabi/lib/thumb/v6-m/nofp\libc_nano.a(libc_a-findfp.o)
 .text.__sfp_lock_acquire
                0x08004af8       0x10 D:/ST/STM32CubeIDE_2.1.1/STM32CubeIDE/plugins/com.st.stm32cube.ide.mcu.externaltools.gnu-tools-for-stm32.14.3.rel1.win32_1.0.100.202602081740/tools/bin/../lib/gcc/arm-none-eabi/14.3.1/../../../../arm-none-eabi/lib/thumb/v6-m/nofp\libc_nano.a(libc_a-findfp.o)
                0x08004af8                __sfp_lock_acquire
 .text.__sfp_lock_release
                0x08004b08       0x10 D:/ST/STM32CubeIDE_2.1.1/STM32CubeIDE/plugins/com.st.stm32cube.ide.mcu.externaltools.gnu-tools-for-stm32.14.3.rel1.win32_1.0.100.202602081740/tools/bin/../lib/gcc/arm-none-eabi/14.3.1/../../../../arm-none-eabi/lib/thumb/v6-m/nofp\libc_nano.a(libc_a-findfp.o)
                0x08004b08                __sfp_lock_release
 .text.__sinit  0x08004b18       0x30 D:/ST/STM32CubeIDE_2.1.1/STM32CubeIDE/plugins/com.st.stm32cube.ide.mcu.externaltools.gnu-tools-for-stm32.14.3.rel1.win32_1.0.100.202602081740/tools/bin/../lib/gcc/arm-none-eabi/14.3.1/../../../../arm-none-eabi/lib/thumb/v6-m/nofp\libc_nano.a(libc_a-findfp.o)
                0x08004b18                __sinit
 .text._fwalk_sglue
                0x08004b48       0x38 D:/ST/STM32CubeIDE_2.1.1/STM32CubeIDE/plugins/com.st.stm32cube.ide.mcu.externaltools.gnu-tools-for-stm32.14.3.rel1.win32_1.0.100.202602081740/tools/bin/../lib/gcc/arm-none-eabi/14.3.1/../../../../arm-none-eabi/lib/thumb/v6-m/nofp\libc_nano.a(libc_a-fwalk.o)
                0x08004b48                _fwalk_sglue
 .text.printf   0x08004b80       0x20 D:/ST/STM32CubeIDE_2.1.1/STM32CubeIDE/plugins/com.st.stm32cube.ide.mcu.externaltools.gnu-tools-for-stm32.14.3.rel1.win32_1.0.100.202602081740/tools/bin/../lib/gcc/arm-none-eabi/14.3.1/../../../../arm-none-eabi/lib/thumb/v6-m/nofp\libc_nano.a(libc_a-printf.o)
                0x08004b80                iprintf
                0x08004b80                printf
 .text._puts_r  0x08004ba0       0xac D:/ST/STM32CubeIDE_2.1.1/STM32CubeIDE/plugins/com.st.stm32cube.ide.mcu.externaltools.gnu-tools-for-stm32.14.3.rel1.win32_1.0.100.202602081740/tools/bin/../lib/gcc/arm-none-eabi/14.3.1/../../../../arm-none-eabi/lib/thumb/v6-m/nofp\libc_nano.a(libc_a-puts.o)
                0x08004ba0                _puts_r
 .text.puts     0x08004c4c       0x14 D:/ST/STM32CubeIDE_2.1.1/STM32CubeIDE/plugins/com.st.stm32cube.ide.mcu.externaltools.gnu-tools-for-stm32.14.3.rel1.win32_1.0.100.202602081740/tools/bin/../lib/gcc/arm-none-eabi/14.3.1/../../../../arm-none-eabi/lib/thumb/v6-m/nofp\libc_nano.a(libc_a-puts.o)
                0x08004c4c                puts
 .text.__sread  0x08004c60       0x28 D:/ST/STM32CubeIDE_2.1.1/STM32CubeIDE/plugins/com.st.stm32cube.ide.mcu.externaltools.gnu-tools-for-stm32.14.3.rel1.win32_1.0.100.202602081740/tools/bin/../lib/gcc/arm-none-eabi/14.3.1/../../../../arm-none-eabi/lib/thumb/v6-m/nofp\libc_nano.a(libc_a-stdio.o)
                0x08004c60                __sread
 .text.__swrite
                0x08004c88       0x38 D:/ST/STM32CubeIDE_2.1.1/STM32CubeIDE/plugins/com.st.stm32cube.ide.mcu.externaltools.gnu-tools-for-stm32.14.3.rel1.win32_1.0.100.202602081740/tools/bin/../lib/gcc/arm-none-eabi/14.3.1/../../../../arm-none-eabi/lib/thumb/v6-m/nofp\libc_nano.a(libc_a-stdio.o)
                0x08004c88                __swrite
 .text.__sseek  0x08004cc0       0x2c D:/ST/STM32CubeIDE_2.1.1/STM32CubeIDE/plugins/com.st.stm32cube.ide.mcu.externaltools.gnu-tools-for-stm32.14.3.rel1.win32_1.0.100.202602081740/tools/bin/../lib/gcc/arm-none-eabi/14.3.1/../../../../arm-none-eabi/lib/thumb/v6-m/nofp\libc_nano.a(libc_a-stdio.o)
                0x08004cc0                __sseek
 .text.__sclose
                0x08004cec        0xc D:/ST/STM32CubeIDE_2.1.1/STM32CubeIDE/plugins/com.st.stm32cube.ide.mcu.externaltools.gnu-tools-for-stm32.14.3.rel1.win32_1.0.100.202602081740/tools/bin/../lib/gcc/arm-none-eabi/14.3.1/../../../../arm-none-eabi/lib/thumb/v6-m/nofp\libc_nano.a(libc_a-stdio.o)
                0x08004cec                __sclose
 .text.__swbuf_r
                0x08004cf8       0x84 D:/ST/STM32CubeIDE_2.1.1/STM32CubeIDE/plugins/com.st.stm32cube.ide.mcu.externaltools.gnu-tools-for-stm32.14.3.rel1.win32_1.0.100.202602081740/tools/bin/../lib/gcc/arm-none-eabi/14.3.1/../../../../arm-none-eabi/lib/thumb/v6-m/nofp\libc_nano.a(libc_a-wbuf.o)
                0x08004cf8                __swbuf_r
 .text.__swsetup_r
                0x08004d7c       0xb4 D:/ST/STM32CubeIDE_2.1.1/STM32CubeIDE/plugins/com.st.stm32cube.ide.mcu.externaltools.gnu-tools-for-stm32.14.3.rel1.win32_1.0.100.202602081740/tools/bin/../lib/gcc/arm-none-eabi/14.3.1/../../../../arm-none-eabi/lib/thumb/v6-m/nofp\libc_nano.a(libc_a-wsetup.o)
                0x08004d7c                __swsetup_r
 .text.memset   0x08004e30       0x10 D:/ST/STM32CubeIDE_2.1.1/STM32CubeIDE/plugins/com.st.stm32cube.ide.mcu.externaltools.gnu-tools-for-stm32.14.3.rel1.win32_1.0.100.202602081740/tools/bin/../lib/gcc/arm-none-eabi/14.3.1/../../../../arm-none-eabi/lib/thumb/v6-m/nofp\libc_nano.a(libc_a-memset.o)
                0x08004e30                memset
 .text._close_r
                0x08004e40       0x24 D:/ST/STM32CubeIDE_2.1.1/STM32CubeIDE/plugins/com.st.stm32cube.ide.mcu.externaltools.gnu-tools-for-stm32.14.3.rel1.win32_1.0.100.202602081740/tools/bin/../lib/gcc/arm-none-eabi/14.3.1/../../../../arm-none-eabi/lib/thumb/v6-m/nofp\libc_nano.a(libc_a-closer.o)
                0x08004e40                _close_r
 .text._lseek_r
                0x08004e64       0x28 D:/ST/STM32CubeIDE_2.1.1/STM32CubeIDE/plugins/com.st.stm32cube.ide.mcu.externaltools.gnu-tools-for-stm32.14.3.rel1.win32_1.0.100.202602081740/tools/bin/../lib/gcc/arm-none-eabi/14.3.1/../../../../arm-none-eabi/lib/thumb/v6-m/nofp\libc_nano.a(libc_a-lseekr.o)
                0x08004e64                _lseek_r
 .text._read_r  0x08004e8c       0x28 D:/ST/STM32CubeIDE_2.1.1/STM32CubeIDE/plugins/com.st.stm32cube.ide.mcu.externaltools.gnu-tools-for-stm32.14.3.rel1.win32_1.0.100.202602081740/tools/bin/../lib/gcc/arm-none-eabi/14.3.1/../../../../arm-none-eabi/lib/thumb/v6-m/nofp\libc_nano.a(libc_a-readr.o)
                0x08004e8c                _read_r
 .text._write_r
                0x08004eb4       0x28 D:/ST/STM32CubeIDE_2.1.1/STM32CubeIDE/plugins/com.st.stm32cube.ide.mcu.externaltools.gnu-tools-for-stm32.14.3.rel1.win32_1.0.100.202602081740/tools/bin/../lib/gcc/arm-none-eabi/14.3.1/../../../../arm-none-eabi/lib/thumb/v6-m/nofp\libc_nano.a(libc_a-writer.o)
                0x08004eb4                _write_r
 .text.__errno  0x08004edc        0xc D:/ST/STM32CubeIDE_2.1.1/STM32CubeIDE/plugins/com.st.stm32cube.ide.mcu.externaltools.gnu-tools-for-stm32.14.3.rel1.win32_1.0.100.202602081740/tools/bin/../lib/gcc/arm-none-eabi/14.3.1/../../../../arm-none-eabi/lib/thumb/v6-m/nofp\libc_nano.a(libc_a-errno.o)
                0x08004edc                __errno
 .text.__libc_init_array
                0x08004ee8       0x48 D:/ST/STM32CubeIDE_2.1.1/STM32CubeIDE/plugins/com.st.stm32cube.ide.mcu.externaltools.gnu-tools-for-stm32.14.3.rel1.win32_1.0.100.202602081740/tools/bin/../lib/gcc/arm-none-eabi/14.3.1/../../../../arm-none-eabi/lib/thumb/v6-m/nofp\libc_nano.a(libc_a-init.o)
                0x08004ee8                __libc_init_array
 .text.__retarget_lock_init_recursive
                0x08004f30        0x2 D:/ST/STM32CubeIDE_2.1.1/STM32CubeIDE/plugins/com.st.stm32cube.ide.mcu.externaltools.gnu-tools-for-stm32.14.3.rel1.win32_1.0.100.202602081740/tools/bin/../lib/gcc/arm-none-eabi/14.3.1/../../../../arm-none-eabi/lib/thumb/v6-m/nofp\libc_nano.a(libc_a-lock.o)
                0x08004f30                __retarget_lock_init_recursive
 .text.__retarget_lock_acquire_recursive
                0x08004f32        0x2 D:/ST/STM32CubeIDE_2.1.1/STM32CubeIDE/plugins/com.st.stm32cube.ide.mcu.externaltools.gnu-tools-for-stm32.14.3.rel1.win32_1.0.100.202602081740/tools/bin/../lib/gcc/arm-none-eabi/14.3.1/../../../../arm-none-eabi/lib/thumb/v6-m/nofp\libc_nano.a(libc_a-lock.o)
                0x08004f32                __retarget_lock_acquire_recursive
 .text.__retarget_lock_release_recursive
                0x08004f34        0x2 D:/ST/STM32CubeIDE_2.1.1/STM32CubeIDE/plugins/com.st.stm32cube.ide.mcu.externaltools.gnu-tools-for-stm32.14.3.rel1.win32_1.0.100.202602081740/tools/bin/../lib/gcc/arm-none-eabi/14.3.1/../../../../arm-none-eabi/lib/thumb/v6-m/nofp\libc_nano.a(libc_a-lock.o)
                0x08004f34                __retarget_lock_release_recursive
 *fill*         0x08004f36        0x2 
 .text._free_r  0x08004f38       0x94 D:/ST/STM32CubeIDE_2.1.1/STM32CubeIDE/plugins/com.st.stm32cube.ide.mcu.externaltools.gnu-tools-for-stm32.14.3.rel1.win32_1.0.100.202602081740/tools/bin/../lib/gcc/arm-none-eabi/14.3.1/../../../../arm-none-eabi/lib/thumb/v6-m/nofp\libc_nano.a(libc_a-freer.o)
                0x08004f38                _free_r
 .text.sbrk_aligned
                0x08004fcc       0x44 D:/ST/STM32CubeIDE_2.1.1/STM32CubeIDE/plugins/com.st.stm32cube.ide.mcu.externaltools.gnu-tools-for-stm32.14.3.rel1.win32_1.0.100.202602081740/tools/bin/../lib/gcc/arm-none-eabi/14.3.1/../../../../arm-none-eabi/lib/thumb/v6-m/nofp\libc_nano.a(libc_a-mallocr.o)
 .text._malloc_r
                0x08005010      0x100 D:/ST/STM32CubeIDE_2.1.1/STM32CubeIDE/plugins/com.st.stm32cube.ide.mcu.externaltools.gnu-tools-for-stm32.14.3.rel1.win32_1.0.100.202602081740/tools/bin/../lib/gcc/arm-none-eabi/14.3.1/../../../../arm-none-eabi/lib/thumb/v6-m/nofp\libc_nano.a(libc_a-mallocr.o)
                0x08005010                _malloc_r
 .text.__malloc_lock
                0x08005110       0x10 D:/ST/STM32CubeIDE_2.1.1/STM32CubeIDE/plugins/com.st.stm32cube.ide.mcu.externaltools.gnu-tools-for-stm32.14.3.rel1.win32_1.0.100.202602081740/tools/bin/../lib/gcc/arm-none-eabi/14.3.1/../../../../arm-none-eabi/lib/thumb/v6-m/nofp\libc_nano.a(libc_a-mlock.o)
                0x08005110                __malloc_lock
 .text.__malloc_unlock
                0x08005120       0x10 D:/ST/STM32CubeIDE_2.1.1/STM32CubeIDE/plugins/com.st.stm32cube.ide.mcu.externaltools.gnu-tools-for-stm32.14.3.rel1.win32_1.0.100.202602081740/tools/bin/../lib/gcc/arm-none-eabi/14.3.1/../../../../arm-none-eabi/lib/thumb/v6-m/nofp\libc_nano.a(libc_a-mlock.o)
                0x08005120                __malloc_unlock
 .text.__sfputc_r
                0x08005130       0x2a D:/ST/STM32CubeIDE_2.1.1/STM32CubeIDE/plugins/com.st.stm32cube.ide.mcu.externaltools.gnu-tools-for-stm32.14.3.rel1.win32_1.0.100.202602081740/tools/bin/../lib/gcc/arm-none-eabi/14.3.1/../../../../arm-none-eabi/lib/thumb/v6-m/nofp\libc_nano.a(libc_a-nano-vfprintf.o)
 .text.__sfputs_r
                0x0800515a       0x24 D:/ST/STM32CubeIDE_2.1.1/STM32CubeIDE/plugins/com.st.stm32cube.ide.mcu.externaltools.gnu-tools-for-stm32.14.3.rel1.win32_1.0.100.202602081740/tools/bin/../lib/gcc/arm-none-eabi/14.3.1/../../../../arm-none-eabi/lib/thumb/v6-m/nofp\libc_nano.a(libc_a-nano-vfprintf.o)
                0x0800515a                __sfputs_r
 *fill*         0x0800517e        0x2 
 .text._vfprintf_r
                0x08005180      0x230 D:/ST/STM32CubeIDE_2.1.1/STM32CubeIDE/plugins/com.st.stm32cube.ide.mcu.externaltools.gnu-tools-for-stm32.14.3.rel1.win32_1.0.100.202602081740/tools/bin/../lib/gcc/arm-none-eabi/14.3.1/../../../../arm-none-eabi/lib/thumb/v6-m/nofp\libc_nano.a(libc_a-nano-vfprintf.o)
                0x08005180                _vfprintf_r
                0x08005180                _vfiprintf_r
 .text._printf_common
                0x080053b0       0xde D:/ST/STM32CubeIDE_2.1.1/STM32CubeIDE/plugins/com.st.stm32cube.ide.mcu.externaltools.gnu-tools-for-stm32.14.3.rel1.win32_1.0.100.202602081740/tools/bin/../lib/gcc/arm-none-eabi/14.3.1/../../../../arm-none-eabi/lib/thumb/v6-m/nofp\libc_nano.a(libc_a-nano-vfprintf_i.o)
                0x080053b0                _printf_common
 *fill*         0x0800548e        0x2 
 .text._printf_i
                0x08005490      0x218 D:/ST/STM32CubeIDE_2.1.1/STM32CubeIDE/plugins/com.st.stm32cube.ide.mcu.externaltools.gnu-tools-for-stm32.14.3.rel1.win32_1.0.100.202602081740/tools/bin/../lib/gcc/arm-none-eabi/14.3.1/../../../../arm-none-eabi/lib/thumb/v6-m/nofp\libc_nano.a(libc_a-nano-vfprintf_i.o)
                0x08005490                _printf_i
 .text.__sflush_r
                0x080056a8      0x114 D:/ST/STM32CubeIDE_2.1.1/STM32CubeIDE/plugins/com.st.stm32cube.ide.mcu.externaltools.gnu-tools-for-stm32.14.3.rel1.win32_1.0.100.202602081740/tools/bin/../lib/gcc/arm-none-eabi/14.3.1/../../../../arm-none-eabi/lib/thumb/v6-m/nofp\libc_nano.a(libc_a-fflush.o)
                0x080056a8                __sflush_r
 .text._fflush_r
                0x080057bc       0x56 D:/ST/STM32CubeIDE_2.1.1/STM32CubeIDE/plugins/com.st.stm32cube.ide.mcu.externaltools.gnu-tools-for-stm32.14.3.rel1.win32_1.0.100.202602081740/tools/bin/../lib/gcc/arm-none-eabi/14.3.1/../../../../arm-none-eabi/lib/thumb/v6-m/nofp\libc_nano.a(libc_a-fflush.o)
                0x080057bc                _fflush_r
 *fill*         0x08005812        0x2 
 .text.__swhatbuf_r
                0x08005814       0x54 D:/ST/STM32CubeIDE_2.1.1/STM32CubeIDE/plugins/com.st.stm32cube.ide.mcu.externaltools.gnu-tools-for-stm32.14.3.rel1.win32_1.0.100.202602081740/tools/bin/../lib/gcc/arm-none-eabi/14.3.1/../../../../arm-none-eabi/lib/thumb/v6-m/nofp\libc_nano.a(libc_a-makebuf.o)
                0x08005814                __swhatbuf_r
 .text.__smakebuf_r
                0x08005868       0x72 D:/ST/STM32CubeIDE_2.1.1/STM32CubeIDE/plugins/com.st.stm32cube.ide.mcu.externaltools.gnu-tools-for-stm32.14.3.rel1.win32_1.0.100.202602081740/tools/bin/../lib/gcc/arm-none-eabi/14.3.1/../../../../arm-none-eabi/lib/thumb/v6-m/nofp\libc_nano.a(libc_a-makebuf.o)
                0x08005868                __smakebuf_r
 *fill*         0x080058da        0x2 
 .text._fstat_r
                0x080058dc       0x24 D:/ST/STM32CubeIDE_2.1.1/STM32CubeIDE/plugins/com.st.stm32cube.ide.mcu.externaltools.gnu-tools-for-stm32.14.3.rel1.win32_1.0.100.202602081740/tools/bin/../lib/gcc/arm-none-eabi/14.3.1/../../../../arm-none-eabi/lib/thumb/v6-m/nofp\libc_nano.a(libc_a-fstatr.o)
                0x080058dc                _fstat_r
 .text._isatty_r
                0x08005900       0x24 D:/ST/STM32CubeIDE_2.1.1/STM32CubeIDE/plugins/com.st.stm32cube.ide.mcu.externaltools.gnu-tools-for-stm32.14.3.rel1.win32_1.0.100.202602081740/tools/bin/../lib/gcc/arm-none-eabi/14.3.1/../../../../arm-none-eabi/lib/thumb/v6-m/nofp\libc_nano.a(libc_a-isattyr.o)
                0x08005900                _isatty_r
 .text._sbrk_r  0x08005924       0x24 D:/ST/STM32CubeIDE_2.1.1/STM32CubeIDE/plugins/com.st.stm32cube.ide.mcu.externaltools.gnu-tools-for-stm32.14.3.rel1.win32_1.0.100.202602081740/tools/bin/../lib/gcc/arm-none-eabi/14.3.1/../../../../arm-none-eabi/lib/thumb/v6-m/nofp\libc_nano.a(libc_a-sbrkr.o)
                0x08005924                _sbrk_r
 .text.memchr   0x08005948       0x16 D:/ST/STM32CubeIDE_2.1.1/STM32CubeIDE/plugins/com.st.stm32cube.ide.mcu.externaltools.gnu-tools-for-stm32.14.3.rel1.win32_1.0.100.202602081740/tools/bin/../lib/gcc/arm-none-eabi/14.3.1/../../../../arm-none-eabi/lib/thumb/v6-m/nofp\libc_nano.a(libc_a-memchr-stub.o)
                0x08005948                memchr
 *(.glue_7)
 .glue_7        0x0800595e        0x0 linker stubs
 *(.glue_7t)
 .glue_7t       0x0800595e        0x0 linker stubs
 *(.eh_frame)
 *fill*         0x0800595e        0x2 
 .eh_frame      0x08005960        0x0 D:/ST/STM32CubeIDE_2.1.1/STM32CubeIDE/plugins/com.st.stm32cube.ide.mcu.externaltools.gnu-tools-for-stm32.14.3.rel1.win32_1.0.100.202602081740/tools/bin/../lib/gcc/arm-none-eabi/14.3.1/thumb/v6-m/nofp/crtbegin.o
 *(.init)
 .init          0x08005960        0x4 D:/ST/STM32CubeIDE_2.1.1/STM32CubeIDE/plugins/com.st.stm32cube.ide.mcu.externaltools.gnu-tools-for-stm32.14.3.rel1.win32_1.0.100.202602081740/tools/bin/../lib/gcc/arm-none-eabi/14.3.1/thumb/v6-m/nofp/crti.o
                0x08005960                _init
 .init          0x08005964        0x8 D:/ST/STM32CubeIDE_2.1.1/STM32CubeIDE/plugins/com.st.stm32cube.ide.mcu.externaltools.gnu-tools-for-stm32.14.3.rel1.win32_1.0.100.202602081740/tools/bin/../lib/gcc/arm-none-eabi/14.3.1/thumb/v6-m/nofp/crtn.o
 *(.fini)
 .fini          0x0800596c        0x4 D:/ST/STM32CubeIDE_2.1.1/STM32CubeIDE/plugins/com.st.stm32cube.ide.mcu.externaltools.gnu-tools-for-stm32.14.3.rel1.win32_1.0.100.202602081740/tools/bin/../lib/gcc/arm-none-eabi/14.3.1/thumb/v6-m/nofp/crti.o
                0x0800596c                _fini
 .fini          0x08005970        0x8 D:/ST/STM32CubeIDE_2.1.1/STM32CubeIDE/plugins/com.st.stm32cube.ide.mcu.externaltools.gnu-tools-for-stm32.14.3.rel1.win32_1.0.100.202602081740/tools/bin/../lib/gcc/arm-none-eabi/14.3.1/thumb/v6-m/nofp/crtn.o
                0x08005978                        . = ALIGN (0x4)
                0x08005978                        _etext = .

.vfp11_veneer   0x08005978        0x0
 .vfp11_veneer  0x08005978        0x0 linker stubs

.v4_bx          0x08005978        0x0
 .v4_bx         0x08005978        0x0 linker stubs

.iplt           0x08005978        0x0
 .iplt          0x08005978        0x0 D:/ST/STM32CubeIDE_2.1.1/STM32CubeIDE/plugins/com.st.stm32cube.ide.mcu.externaltools.gnu-tools-for-stm32.14.3.rel1.win32_1.0.100.202602081740/tools/bin/../lib/gcc/arm-none-eabi/14.3.1/thumb/v6-m/nofp/crtbegin.o

.rodata         0x08005978      0x184
                0x08005978                        . = ALIGN (0x4)
 *(.rodata)
 .rodata        0x08005978       0x35 ./Core/Src/main.o
 *(.rodata*)
 *fill*         0x080059ad        0x3 
 .rodata.AHBPrescTable
                0x080059b0       0x10 ./Core/Src/system_stm32u0xx.o
                0x080059b0                AHBPrescTable
 .rodata.APBPrescTable
                0x080059c0        0x8 ./Core/Src/system_stm32u0xx.o
                0x080059c0                APBPrescTable
 .rodata.MSIRangeTable
                0x080059c8       0x30 ./Core/Src/system_stm32u0xx.o
                0x080059c8                MSIRangeTable
 .rodata.BUTTON_EXTI_LINE.2
                0x080059f8        0x4 ./Drivers/BSP/STM32U0xx_Nucleo/stm32u0xx_nucleo.o
 .rodata.mask.0
                0x080059fc       0x30 ./Drivers/STM32U0xx_HAL_Driver/Src/stm32u0xx_hal_cryp.o
 .rodata.HAL_RCCEx_GetPeriphCLKFreq
                0x08005a2c       0x84 ./Drivers/STM32U0xx_HAL_Driver/Src/stm32u0xx_hal_rcc_ex.o
 .rodata.UARTPrescTable
                0x08005ab0       0x18 ./Drivers/STM32U0xx_HAL_Driver/Src/stm32u0xx_hal_uart.o
                0x08005ab0                UARTPrescTable
 .rodata._vfprintf_r.str1.1
                0x08005ac8       0x33 D:/ST/STM32CubeIDE_2.1.1/STM32CubeIDE/plugins/com.st.stm32cube.ide.mcu.externaltools.gnu-tools-for-stm32.14.3.rel1.win32_1.0.100.202602081740/tools/bin/../lib/gcc/arm-none-eabi/14.3.1/../../../../arm-none-eabi/lib/thumb/v6-m/nofp\libc_nano.a(libc_a-nano-vfprintf.o)
                                 0x11 (size before relaxing)
 .rodata._printf_i.str1.1
                0x08005afb       0x22 D:/ST/STM32CubeIDE_2.1.1/STM32CubeIDE/plugins/com.st.stm32cube.ide.mcu.externaltools.gnu-tools-for-stm32.14.3.rel1.win32_1.0.100.202602081740/tools/bin/../lib/gcc/arm-none-eabi/14.3.1/../../../../arm-none-eabi/lib/thumb/v6-m/nofp\libc_nano.a(libc_a-nano-vfprintf_i.o)
                0x08005b20                        . = ALIGN (0x4)
 *fill*         0x08005afb        0x1 

.ARM.extab      0x08005afc        0x0
                0x08005afc                        . = ALIGN (0x4)
 *(.ARM.extab* .gnu.linkonce.armextab.*)
                0x08005afc                        . = ALIGN (0x4)

.ARM            0x08005afc        0x8
                0x08005afc                        . = ALIGN (0x4)
                0x08005afc                        __exidx_start = .
 *(.ARM.exidx*)
 .ARM.exidx     0x08005afc        0x8 D:/ST/STM32CubeIDE_2.1.1/STM32CubeIDE/plugins/com.st.stm32cube.ide.mcu.externaltools.gnu-tools-for-stm32.14.3.rel1.win32_1.0.100.202602081740/tools/bin/../lib/gcc/arm-none-eabi/14.3.1/thumb/v6-m/nofp\libgcc.a(_udivmoddi4.o)
                0x08005b04                        __exidx_end = .
                0x08005b04                        . = ALIGN (0x4)

.preinit_array  0x08005b04        0x0
                0x08005b04                        . = ALIGN (0x4)
                0x08005b04                        PROVIDE (__preinit_array_start = .)
 *(.preinit_array*)
                0x08005b04                        PROVIDE (__preinit_array_end = .)
                0x08005b04                        . = ALIGN (0x4)

.init_array     0x08005b04        0x4
                0x08005b04                        . = ALIGN (0x4)
                0x08005b04                        PROVIDE (__init_array_start = .)
 *(SORT_BY_NAME(.init_array.*))
 *(.init_array*)
 .init_array    0x08005b04        0x4 D:/ST/STM32CubeIDE_2.1.1/STM32CubeIDE/plugins/com.st.stm32cube.ide.mcu.externaltools.gnu-tools-for-stm32.14.3.rel1.win32_1.0.100.202602081740/tools/bin/../lib/gcc/arm-none-eabi/14.3.1/thumb/v6-m/nofp/crtbegin.o
                0x08005b08                        PROVIDE (__init_array_end = .)
                0x08005b08                        . = ALIGN (0x4)

.fini_array     0x08005b08        0x4
                0x08005b08                        . = ALIGN (0x4)
                [!provide]                        PROVIDE (__fini_array_start = .)
 *(SORT_BY_NAME(.fini_array.*))
 *(.fini_array*)
 .fini_array    0x08005b08        0x4 D:/ST/STM32CubeIDE_2.1.1/STM32CubeIDE/plugins/com.st.stm32cube.ide.mcu.externaltools.gnu-tools-for-stm32.14.3.rel1.win32_1.0.100.202602081740/tools/bin/../lib/gcc/arm-none-eabi/14.3.1/thumb/v6-m/nofp/crtbegin.o
                [!provide]                        PROVIDE (__fini_array_end = .)
                0x08005b0c                        . = ALIGN (0x4)
                0x08005b0c                        _sidata = LOADADDR (.data)

.rel.dyn        0x08005b0c        0x0
 .rel.iplt      0x08005b0c        0x0 D:/ST/STM32CubeIDE_2.1.1/STM32CubeIDE/plugins/com.st.stm32cube.ide.mcu.externaltools.gnu-tools-for-stm32.14.3.rel1.win32_1.0.100.202602081740/tools/bin/../lib/gcc/arm-none-eabi/14.3.1/thumb/v6-m/nofp/crtbegin.o

.data           0x20000000       0x7c load address 0x08005b0c
                0x20000000                        . = ALIGN (0x4)
                0x20000000                        _sdata = .
 *(.data)
 *(.data*)
 .data.SystemCoreClock
                0x20000000        0x4 ./Core/Src/system_stm32u0xx.o
                0x20000000                SystemCoreClock
 .data.COM_USART
                0x20000004        0x4 ./Drivers/BSP/STM32U0xx_Nucleo/stm32u0xx_nucleo.o
                0x20000004                COM_USART
 .data.LED_PORT
                0x20000008        0x4 ./Drivers/BSP/STM32U0xx_Nucleo/stm32u0xx_nucleo.o
 .data.BUTTON_PORT
                0x2000000c        0x4 ./Drivers/BSP/STM32U0xx_Nucleo/stm32u0xx_nucleo.o
 .data.ButtonCallback.1
                0x20000010        0x4 ./Drivers/BSP/STM32U0xx_Nucleo/stm32u0xx_nucleo.o
 .data.BSP_BUTTON_PRIO.0
                0x20000014        0x4 ./Drivers/BSP/STM32U0xx_Nucleo/stm32u0xx_nucleo.o
 .data.uwTickPrio
                0x20000018        0x4 ./Drivers/STM32U0xx_HAL_Driver/Src/stm32u0xx_hal.o
                0x20000018                uwTickPrio
 .data.uwTickFreq
                0x2000001c        0x1 ./Drivers/STM32U0xx_HAL_Driver/Src/stm32u0xx_hal.o
                0x2000001c                uwTickFreq
 *fill*         0x2000001d        0x3 
 .data.__sglue  0x20000020        0xc D:/ST/STM32CubeIDE_2.1.1/STM32CubeIDE/plugins/com.st.stm32cube.ide.mcu.externaltools.gnu-tools-for-stm32.14.3.rel1.win32_1.0.100.202602081740/tools/bin/../lib/gcc/arm-none-eabi/14.3.1/../../../../arm-none-eabi/lib/thumb/v6-m/nofp\libc_nano.a(libc_a-findfp.o)
                0x20000020                __sglue
 .data._impure_ptr
                0x2000002c        0x4 D:/ST/STM32CubeIDE_2.1.1/STM32CubeIDE/plugins/com.st.stm32cube.ide.mcu.externaltools.gnu-tools-for-stm32.14.3.rel1.win32_1.0.100.202602081740/tools/bin/../lib/gcc/arm-none-eabi/14.3.1/../../../../arm-none-eabi/lib/thumb/v6-m/nofp\libc_nano.a(libc_a-impure.o)
                0x2000002c                _impure_ptr
 .data._impure_data
                0x20000030       0x4c D:/ST/STM32CubeIDE_2.1.1/STM32CubeIDE/plugins/com.st.stm32cube.ide.mcu.externaltools.gnu-tools-for-stm32.14.3.rel1.win32_1.0.100.202602081740/tools/bin/../lib/gcc/arm-none-eabi/14.3.1/../../../../arm-none-eabi/lib/thumb/v6-m/nofp\libc_nano.a(libc_a-impure.o)
                0x20000030                _impure_data
 *(.RamFunc)
 *(.RamFunc*)
                0x2000007c                        . = ALIGN (0x4)
                0x2000007c                        _edata = .

.igot.plt       0x2000007c        0x0 load address 0x08005b88
 .igot.plt      0x2000007c        0x0 D:/ST/STM32CubeIDE_2.1.1/STM32CubeIDE/plugins/com.st.stm32cube.ide.mcu.externaltools.gnu-tools-for-stm32.14.3.rel1.win32_1.0.100.202602081740/tools/bin/../lib/gcc/arm-none-eabi/14.3.1/thumb/v6-m/nofp/crtbegin.o
                0x2000007c                        . = ALIGN (0x4)

.bss            0x2000007c      0x2b4 load address 0x08005b88
                0x2000007c                        _sbss = .
                0x2000007c                        __bss_start__ = _sbss
 *(.bss)
 .bss           0x2000007c       0x1c D:/ST/STM32CubeIDE_2.1.1/STM32CubeIDE/plugins/com.st.stm32cube.ide.mcu.externaltools.gnu-tools-for-stm32.14.3.rel1.win32_1.0.100.202602081740/tools/bin/../lib/gcc/arm-none-eabi/14.3.1/thumb/v6-m/nofp/crtbegin.o
 *(.bss*)
 .bss.hcryp     0x20000098       0x60 ./Core/Src/aes.o
                0x20000098                hcryp
 .bss.pKeyAES   0x200000f8       0x10 ./Core/Src/aes.o
                0x200000f8                pKeyAES
 .bss.BspCOMInit
                0x20000108       0x10 ./Core/Src/main.o
                0x20000108                BspCOMInit
 .bss.BspButtonState
                0x20000118        0x4 ./Core/Src/main.o
                0x20000118                BspButtonState
 .bss.randomSeed
                0x2000011c        0x4 ./Core/Src/rng.o
                0x2000011c                randomSeed
 .bss.randomSeedReady
                0x20000120        0x1 ./Core/Src/rng.o
                0x20000120                randomSeedReady
 *fill*         0x20000121        0x3 
 .bss.hrng      0x20000124       0x14 ./Core/Src/rng.o
                0x20000124                hrng
 .bss.__sbrk_heap_end
                0x20000138        0x4 ./Core/Src/sysmem.o
 .bss.hpb_exti  0x2000013c        0xc ./Drivers/BSP/STM32U0xx_Nucleo/stm32u0xx_nucleo.o
                0x2000013c                hpb_exti
 .bss.hcom_uart
                0x20000148       0x94 ./Drivers/BSP/STM32U0xx_Nucleo/stm32u0xx_nucleo.o
                0x20000148                hcom_uart
 .bss.COM_ActiveLogPort
                0x200001dc        0x1 ./Drivers/BSP/STM32U0xx_Nucleo/stm32u0xx_nucleo.o
 *fill*         0x200001dd        0x3 
 .bss.uwTick    0x200001e0        0x4 ./Drivers/STM32U0xx_HAL_Driver/Src/stm32u0xx_hal.o
                0x200001e0                uwTick
 .bss.__sf      0x200001e4      0x138 D:/ST/STM32CubeIDE_2.1.1/STM32CubeIDE/plugins/com.st.stm32cube.ide.mcu.externaltools.gnu-tools-for-stm32.14.3.rel1.win32_1.0.100.202602081740/tools/bin/../lib/gcc/arm-none-eabi/14.3.1/../../../../arm-none-eabi/lib/thumb/v6-m/nofp\libc_nano.a(libc_a-findfp.o)
                0x200001e4                __sf
 .bss.__stdio_exit_handler
                0x2000031c        0x4 D:/ST/STM32CubeIDE_2.1.1/STM32CubeIDE/plugins/com.st.stm32cube.ide.mcu.externaltools.gnu-tools-for-stm32.14.3.rel1.win32_1.0.100.202602081740/tools/bin/../lib/gcc/arm-none-eabi/14.3.1/../../../../arm-none-eabi/lib/thumb/v6-m/nofp\libc_nano.a(libc_a-findfp.o)
                0x2000031c                __stdio_exit_handler
 .bss.errno     0x20000320        0x4 D:/ST/STM32CubeIDE_2.1.1/STM32CubeIDE/plugins/com.st.stm32cube.ide.mcu.externaltools.gnu-tools-for-stm32.14.3.rel1.win32_1.0.100.202602081740/tools/bin/../lib/gcc/arm-none-eabi/14.3.1/../../../../arm-none-eabi/lib/thumb/v6-m/nofp\libc_nano.a(libc_a-reent.o)
                0x20000320                errno
 .bss.__lock___malloc_recursive_mutex
                0x20000324        0x1 D:/ST/STM32CubeIDE_2.1.1/STM32CubeIDE/plugins/com.st.stm32cube.ide.mcu.externaltools.gnu-tools-for-stm32.14.3.rel1.win32_1.0.100.202602081740/tools/bin/../lib/gcc/arm-none-eabi/14.3.1/../../../../arm-none-eabi/lib/thumb/v6-m/nofp\libc_nano.a(libc_a-lock.o)
                0x20000324                __lock___malloc_recursive_mutex
 .bss.__lock___sfp_recursive_mutex
                0x20000325        0x1 D:/ST/STM32CubeIDE_2.1.1/STM32CubeIDE/plugins/com.st.stm32cube.ide.mcu.externaltools.gnu-tools-for-stm32.14.3.rel1.win32_1.0.100.202602081740/tools/bin/../lib/gcc/arm-none-eabi/14.3.1/../../../../arm-none-eabi/lib/thumb/v6-m/nofp\libc_nano.a(libc_a-lock.o)
                0x20000325                __lock___sfp_recursive_mutex
 *fill*         0x20000326        0x2 
 .bss.__malloc_sbrk_start
                0x20000328        0x4 D:/ST/STM32CubeIDE_2.1.1/STM32CubeIDE/plugins/com.st.stm32cube.ide.mcu.externaltools.gnu-tools-for-stm32.14.3.rel1.win32_1.0.100.202602081740/tools/bin/../lib/gcc/arm-none-eabi/14.3.1/../../../../arm-none-eabi/lib/thumb/v6-m/nofp\libc_nano.a(libc_a-mallocr.o)
                0x20000328                __malloc_sbrk_start
 .bss.__malloc_free_list
                0x2000032c        0x4 D:/ST/STM32CubeIDE_2.1.1/STM32CubeIDE/plugins/com.st.stm32cube.ide.mcu.externaltools.gnu-tools-for-stm32.14.3.rel1.win32_1.0.100.202602081740/tools/bin/../lib/gcc/arm-none-eabi/14.3.1/../../../../arm-none-eabi/lib/thumb/v6-m/nofp\libc_nano.a(libc_a-mallocr.o)
                0x2000032c                __malloc_free_list
 *(COMMON)
                0x20000330                        . = ALIGN (0x4)
                0x20000330                        _ebss = .
                0x20000330                        __bss_end__ = _ebss

._user_heap_stack
                0x20000330      0x600 load address 0x08005b88
                0x20000330                        . = ALIGN (0x8)
                [!provide]                        PROVIDE (end = .)
                0x20000330                        PROVIDE (_end = .)
                0x20000530                        . = (. + _Min_Heap_Size)
 *fill*         0x20000330      0x200 
                0x20000930                        . = (. + _Min_Stack_Size)
 *fill*         0x20000530      0x400 
                0x20000930                        . = ALIGN (0x8)

/DISCARD/
 libc.a(*)
 libm.a(*)
 libgcc.a(*)

.ARM.attributes
                0x00000000       0x28
 *(.ARM.attributes)
 .ARM.attributes
                0x00000000       0x1e D:/ST/STM32CubeIDE_2.1.1/STM32CubeIDE/plugins/com.st.stm32cube.ide.mcu.externaltools.gnu-tools-for-stm32.14.3.rel1.win32_1.0.100.202602081740/tools/bin/../lib/gcc/arm-none-eabi/14.3.1/thumb/v6-m/nofp/crti.o
 .ARM.attributes
                0x0000001e       0x2c D:/ST/STM32CubeIDE_2.1.1/STM32CubeIDE/plugins/com.st.stm32cube.ide.mcu.externaltools.gnu-tools-for-stm32.14.3.rel1.win32_1.0.100.202602081740/tools/bin/../lib/gcc/arm-none-eabi/14.3.1/thumb/v6-m/nofp/crtbegin.o
 .ARM.attributes
                0x0000004a       0x2c ./Core/Src/aes.o
 .ARM.attributes
                0x00000076       0x2c ./Core/Src/gpio.o
 .ARM.attributes
                0x000000a2       0x2c ./Core/Src/main.o
 .ARM.attributes
                0x000000ce       0x2c ./Core/Src/rng.o
 .ARM.attributes
                0x000000fa       0x2c ./Core/Src/stm32u0xx_hal_msp.o
 .ARM.attributes
                0x00000126       0x2c ./Core/Src/stm32u0xx_it.o
 .ARM.attributes
                0x00000152       0x2c ./Core/Src/syscalls.o
 .ARM.attributes
                0x0000017e       0x2c ./Core/Src/sysmem.o
 .ARM.attributes
                0x000001aa       0x2c ./Core/Src/system_stm32u0xx.o
 .ARM.attributes
                0x000001d6       0x22 ./Core/Startup/startup_stm32u083rctx.o
 .ARM.attributes
                0x000001f8       0x2c ./Drivers/BSP/STM32U0xx_Nucleo/stm32u0xx_nucleo.o
 .ARM.attributes
                0x00000224       0x2c ./Drivers/STM32U0xx_HAL_Driver/Src/stm32u0xx_hal.o
 .ARM.attributes
                0x00000250       0x2c ./Drivers/STM32U0xx_HAL_Driver/Src/stm32u0xx_hal_cortex.o
 .ARM.attributes
                0x0000027c       0x2c ./Drivers/STM32U0xx_HAL_Driver/Src/stm32u0xx_hal_cryp.o
 .ARM.attributes
                0x000002a8       0x2c ./Drivers/STM32U0xx_HAL_Driver/Src/stm32u0xx_hal_exti.o
 .ARM.attributes
                0x000002d4       0x2c ./Drivers/STM32U0xx_HAL_Driver/Src/stm32u0xx_hal_gpio.o
 .ARM.attributes
                0x00000300       0x2c ./Drivers/STM32U0xx_HAL_Driver/Src/stm32u0xx_hal_pwr_ex.o
 .ARM.attributes
                0x0000032c       0x2c ./Drivers/STM32U0xx_HAL_Driver/Src/stm32u0xx_hal_rcc.o
 .ARM.attributes
                0x00000358       0x2c ./Drivers/STM32U0xx_HAL_Driver/Src/stm32u0xx_hal_rcc_ex.o
 .ARM.attributes
                0x00000384       0x2c ./Drivers/STM32U0xx_HAL_Driver/Src/stm32u0xx_hal_rng.o
 .ARM.attributes
                0x000003b0       0x2c ./Drivers/STM32U0xx_HAL_Driver/Src/stm32u0xx_hal_uart.o
 .ARM.attributes
                0x000003dc       0x2c D:/ST/STM32CubeIDE_2.1.1/STM32CubeIDE/plugins/com.st.stm32cube.ide.mcu.externaltools.gnu-tools-for-stm32.14.3.rel1.win32_1.0.100.202602081740/tools/bin/../lib/gcc/arm-none-eabi/14.3.1/../../../../arm-none-eabi/lib/thumb/v6-m/nofp\libc_nano.a(libc_a-findfp.o)
 .ARM.attributes
                0x00000408       0x2c D:/ST/STM32CubeIDE_2.1.1/STM32CubeIDE/plugins/com.st.stm32cube.ide.mcu.externaltools.gnu-tools-for-stm32.14.3.rel1.win32_1.0.100.202602081740/tools/bin/../lib/gcc/arm-none-eabi/14.3.1/../../../../arm-none-eabi/lib/thumb/v6-m/nofp\libc_nano.a(libc_a-fwalk.o)
 .ARM.attributes
                0x00000434       0x2c D:/ST/STM32CubeIDE_2.1.1/STM32CubeIDE/plugins/com.st.stm32cube.ide.mcu.externaltools.gnu-tools-for-stm32.14.3.rel1.win32_1.0.100.202602081740/tools/bin/../lib/gcc/arm-none-eabi/14.3.1/../../../../arm-none-eabi/lib/thumb/v6-m/nofp\libc_nano.a(libc_a-printf.o)
 .ARM.attributes
                0x00000460       0x2c D:/ST/STM32CubeIDE_2.1.1/STM32CubeIDE/plugins/com.st.stm32cube.ide.mcu.externaltools.gnu-tools-for-stm32.14.3.rel1.win32_1.0.100.202602081740/tools/bin/../lib/gcc/arm-none-eabi/14.3.1/../../../../arm-none-eabi/lib/thumb/v6-m/nofp\libc_nano.a(libc_a-puts.o)
 .ARM.attributes
                0x0000048c       0x2c D:/ST/STM32CubeIDE_2.1.1/STM32CubeIDE/plugins/com.st.stm32cube.ide.mcu.externaltools.gnu-tools-for-stm32.14.3.rel1.win32_1.0.100.202602081740/tools/bin/../lib/gcc/arm-none-eabi/14.3.1/../../../../arm-none-eabi/lib/thumb/v6-m/nofp\libc_nano.a(libc_a-stdio.o)
 .ARM.attributes
                0x000004b8       0x2c D:/ST/STM32CubeIDE_2.1.1/STM32CubeIDE/plugins/com.st.stm32cube.ide.mcu.externaltools.gnu-tools-for-stm32.14.3.rel1.win32_1.0.100.202602081740/tools/bin/../lib/gcc/arm-none-eabi/14.3.1/../../../../arm-none-eabi/lib/thumb/v6-m/nofp\libc_nano.a(libc_a-wbuf.o)
 .ARM.attributes
                0x000004e4       0x2c D:/ST/STM32CubeIDE_2.1.1/STM32CubeIDE/plugins/com.st.stm32cube.ide.mcu.externaltools.gnu-tools-for-stm32.14.3.rel1.win32_1.0.100.202602081740/tools/bin/../lib/gcc/arm-none-eabi/14.3.1/../../../../arm-none-eabi/lib/thumb/v6-m/nofp\libc_nano.a(libc_a-wsetup.o)
 .ARM.attributes
                0x00000510       0x2c D:/ST/STM32CubeIDE_2.1.1/STM32CubeIDE/plugins/com.st.stm32cube.ide.mcu.externaltools.gnu-tools-for-stm32.14.3.rel1.win32_1.0.100.202602081740/tools/bin/../lib/gcc/arm-none-eabi/14.3.1/../../../../arm-none-eabi/lib/thumb/v6-m/nofp\libc_nano.a(libc_a-memset.o)
 .ARM.attributes
                0x0000053c       0x2c D:/ST/STM32CubeIDE_2.1.1/STM32CubeIDE/plugins/com.st.stm32cube.ide.mcu.externaltools.gnu-tools-for-stm32.14.3.rel1.win32_1.0.100.202602081740/tools/bin/../lib/gcc/arm-none-eabi/14.3.1/../../../../arm-none-eabi/lib/thumb/v6-m/nofp\libc_nano.a(libc_a-closer.o)
 .ARM.attributes
                0x00000568       0x2c D:/ST/STM32CubeIDE_2.1.1/STM32CubeIDE/plugins/com.st.stm32cube.ide.mcu.externaltools.gnu-tools-for-stm32.14.3.rel1.win32_1.0.100.202602081740/tools/bin/../lib/gcc/arm-none-eabi/14.3.1/../../../../arm-none-eabi/lib/thumb/v6-m/nofp\libc_nano.a(libc_a-reent.o)
 .ARM.attributes
                0x00000594       0x2c D:/ST/STM32CubeIDE_2.1.1/STM32CubeIDE/plugins/com.st.stm32cube.ide.mcu.externaltools.gnu-tools-for-stm32.14.3.rel1.win32_1.0.100.202602081740/tools/bin/../lib/gcc/arm-none-eabi/14.3.1/../../../../arm-none-eabi/lib/thumb/v6-m/nofp\libc_nano.a(libc_a-impure.o)
 .ARM.attributes
                0x000005c0       0x2c D:/ST/STM32CubeIDE_2.1.1/STM32CubeIDE/plugins/com.st.stm32cube.ide.mcu.externaltools.gnu-tools-for-stm32.14.3.rel1.win32_1.0.100.202602081740/tools/bin/../lib/gcc/arm-none-eabi/14.3.1/../../../../arm-none-eabi/lib/thumb/v6-m/nofp\libc_nano.a(libc_a-lseekr.o)
 .ARM.attributes
                0x000005ec       0x2c D:/ST/STM32CubeIDE_2.1.1/STM32CubeIDE/plugins/com.st.stm32cube.ide.mcu.externaltools.gnu-tools-for-stm32.14.3.rel1.win32_1.0.100.202602081740/tools/bin/../lib/gcc/arm-none-eabi/14.3.1/../../../../arm-none-eabi/lib/thumb/v6-m/nofp\libc_nano.a(libc_a-readr.o)
 .ARM.attributes
                0x00000618       0x2c D:/ST/STM32CubeIDE_2.1.1/STM32CubeIDE/plugins/com.st.stm32cube.ide.mcu.externaltools.gnu-tools-for-stm32.14.3.rel1.win32_1.0.100.202602081740/tools/bin/../lib/gcc/arm-none-eabi/14.3.1/../../../../arm-none-eabi/lib/thumb/v6-m/nofp\libc_nano.a(libc_a-writer.o)
 .ARM.attributes
                0x00000644       0x2c D:/ST/STM32CubeIDE_2.1.1/STM32CubeIDE/plugins/com.st.stm32cube.ide.mcu.externaltools.gnu-tools-for-stm32.14.3.rel1.win32_1.0.100.202602081740/tools/bin/../lib/gcc/arm-none-eabi/14.3.1/../../../../arm-none-eabi/lib/thumb/v6-m/nofp\libc_nano.a(libc_a-errno.o)
 .ARM.attributes
                0x00000670       0x2c D:/ST/STM32CubeIDE_2.1.1/STM32CubeIDE/plugins/com.st.stm32cube.ide.mcu.externaltools.gnu-tools-for-stm32.14.3.rel1.win32_1.0.100.202602081740/tools/bin/../lib/gcc/arm-none-eabi/14.3.1/../../../../arm-none-eabi/lib/thumb/v6-m/nofp\libc_nano.a(libc_a-init.o)
 .ARM.attributes
                0x0000069c       0x2c D:/ST/STM32CubeIDE_2.1.1/STM32CubeIDE/plugins/com.st.stm32cube.ide.mcu.externaltools.gnu-tools-for-stm32.14.3.rel1.win32_1.0.100.202602081740/tools/bin/../lib/gcc/arm-none-eabi/14.3.1/../../../../arm-none-eabi/lib/thumb/v6-m/nofp\libc_nano.a(libc_a-lock.o)
 .ARM.attributes
                0x000006c8       0x2c D:/ST/STM32CubeIDE_2.1.1/STM32CubeIDE/plugins/com.st.stm32cube.ide.mcu.externaltools.gnu-tools-for-stm32.14.3.rel1.win32_1.0.100.202602081740/tools/bin/../lib/gcc/arm-none-eabi/14.3.1/../../../../arm-none-eabi/lib/thumb/v6-m/nofp\libc_nano.a(libc_a-freer.o)
 .ARM.attributes
                0x000006f4       0x2c D:/ST/STM32CubeIDE_2.1.1/STM32CubeIDE/plugins/com.st.stm32cube.ide.mcu.externaltools.gnu-tools-for-stm32.14.3.rel1.win32_1.0.100.202602081740/tools/bin/../lib/gcc/arm-none-eabi/14.3.1/../../../../arm-none-eabi/lib/thumb/v6-m/nofp\libc_nano.a(libc_a-mallocr.o)
 .ARM.attributes
                0x00000720       0x2c D:/ST/STM32CubeIDE_2.1.1/STM32CubeIDE/plugins/com.st.stm32cube.ide.mcu.externaltools.gnu-tools-for-stm32.14.3.rel1.win32_1.0.100.202602081740/tools/bin/../lib/gcc/arm-none-eabi/14.3.1/../../../../arm-none-eabi/lib/thumb/v6-m/nofp\libc_nano.a(libc_a-mlock.o)
 .ARM.attributes
                0x0000074c       0x2c D:/ST/STM32CubeIDE_2.1.1/STM32CubeIDE/plugins/com.st.stm32cube.ide.mcu.externaltools.gnu-tools-for-stm32.14.3.rel1.win32_1.0.100.202602081740/tools/bin/../lib/gcc/arm-none-eabi/14.3.1/../../../../arm-none-eabi/lib/thumb/v6-m/nofp\libc_nano.a(libc_a-nano-vfprintf.o)
 .ARM.attributes
                0x00000778       0x2c D:/ST/STM32CubeIDE_2.1.1/STM32CubeIDE/plugins/com.st.stm32cube.ide.mcu.externaltools.gnu-tools-for-stm32.14.3.rel1.win32_1.0.100.202602081740/tools/bin/../lib/gcc/arm-none-eabi/14.3.1/../../../../arm-none-eabi/lib/thumb/v6-m/nofp\libc_nano.a(libc_a-nano-vfprintf_i.o)
 .ARM.attributes
                0x000007a4       0x2c D:/ST/STM32CubeIDE_2.1.1/STM32CubeIDE/plugins/com.st.stm32cube.ide.mcu.externaltools.gnu-tools-for-stm32.14.3.rel1.win32_1.0.100.202602081740/tools/bin/../lib/gcc/arm-none-eabi/14.3.1/../../../../arm-none-eabi/lib/thumb/v6-m/nofp\libc_nano.a(libc_a-fflush.o)
 .ARM.attributes
                0x000007d0       0x2c D:/ST/STM32CubeIDE_2.1.1/STM32CubeIDE/plugins/com.st.stm32cube.ide.mcu.externaltools.gnu-tools-for-stm32.14.3.rel1.win32_1.0.100.202602081740/tools/bin/../lib/gcc/arm-none-eabi/14.3.1/../../../../arm-none-eabi/lib/thumb/v6-m/nofp\libc_nano.a(libc_a-makebuf.o)
 .ARM.attributes
                0x000007fc       0x2c D:/ST/STM32CubeIDE_2.1.1/STM32CubeIDE/plugins/com.st.stm32cube.ide.mcu.externaltools.gnu-tools-for-stm32.14.3.rel1.win32_1.0.100.202602081740/tools/bin/../lib/gcc/arm-none-eabi/14.3.1/../../../../arm-none-eabi/lib/thumb/v6-m/nofp\libc_nano.a(libc_a-fstatr.o)
 .ARM.attributes
                0x00000828       0x2c D:/ST/STM32CubeIDE_2.1.1/STM32CubeIDE/plugins/com.st.stm32cube.ide.mcu.externaltools.gnu-tools-for-stm32.14.3.rel1.win32_1.0.100.202602081740/tools/bin/../lib/gcc/arm-none-eabi/14.3.1/../../../../arm-none-eabi/lib/thumb/v6-m/nofp\libc_nano.a(libc_a-isattyr.o)
 .ARM.attributes
                0x00000854       0x2c D:/ST/STM32CubeIDE_2.1.1/STM32CubeIDE/plugins/com.st.stm32cube.ide.mcu.externaltools.gnu-tools-for-stm32.14.3.rel1.win32_1.0.100.202602081740/tools/bin/../lib/gcc/arm-none-eabi/14.3.1/../../../../arm-none-eabi/lib/thumb/v6-m/nofp\libc_nano.a(libc_a-sbrkr.o)
 .ARM.attributes
                0x00000880       0x2c D:/ST/STM32CubeIDE_2.1.1/STM32CubeIDE/plugins/com.st.stm32cube.ide.mcu.externaltools.gnu-tools-for-stm32.14.3.rel1.win32_1.0.100.202602081740/tools/bin/../lib/gcc/arm-none-eabi/14.3.1/../../../../arm-none-eabi/lib/thumb/v6-m/nofp\libc_nano.a(libc_a-memchr-stub.o)
 .ARM.attributes
                0x000008ac       0x1e D:/ST/STM32CubeIDE_2.1.1/STM32CubeIDE/plugins/com.st.stm32cube.ide.mcu.externaltools.gnu-tools-for-stm32.14.3.rel1.win32_1.0.100.202602081740/tools/bin/../lib/gcc/arm-none-eabi/14.3.1/thumb/v6-m/nofp\libgcc.a(_thumb1_case_shi.o)
 .ARM.attributes
                0x000008ca       0x1e D:/ST/STM32CubeIDE_2.1.1/STM32CubeIDE/plugins/com.st.stm32cube.ide.mcu.externaltools.gnu-tools-for-stm32.14.3.rel1.win32_1.0.100.202602081740/tools/bin/../lib/gcc/arm-none-eabi/14.3.1/thumb/v6-m/nofp\libgcc.a(_udivsi3.o)
 .ARM.attributes
                0x000008e8       0x1e D:/ST/STM32CubeIDE_2.1.1/STM32CubeIDE/plugins/com.st.stm32cube.ide.mcu.externaltools.gnu-tools-for-stm32.14.3.rel1.win32_1.0.100.202602081740/tools/bin/../lib/gcc/arm-none-eabi/14.3.1/thumb/v6-m/nofp\libgcc.a(_dvmd_tls.o)
 .ARM.attributes
                0x00000906       0x1e D:/ST/STM32CubeIDE_2.1.1/STM32CubeIDE/plugins/com.st.stm32cube.ide.mcu.externaltools.gnu-tools-for-stm32.14.3.rel1.win32_1.0.100.202602081740/tools/bin/../lib/gcc/arm-none-eabi/14.3.1/thumb/v6-m/nofp\libgcc.a(_aeabi_uldivmod.o)
 .ARM.attributes
                0x00000924       0x2c D:/ST/STM32CubeIDE_2.1.1/STM32CubeIDE/plugins/com.st.stm32cube.ide.mcu.externaltools.gnu-tools-for-stm32.14.3.rel1.win32_1.0.100.202602081740/tools/bin/../lib/gcc/arm-none-eabi/14.3.1/thumb/v6-m/nofp\libgcc.a(_udivmoddi4.o)
 .ARM.attributes
                0x00000950       0x1e D:/ST/STM32CubeIDE_2.1.1/STM32CubeIDE/plugins/com.st.stm32cube.ide.mcu.externaltools.gnu-tools-for-stm32.14.3.rel1.win32_1.0.100.202602081740/tools/bin/../lib/gcc/arm-none-eabi/14.3.1/thumb/v6-m/nofp\libgcc.a(_clzdi2.o)
 .ARM.attributes
                0x0000096e       0x1e D:/ST/STM32CubeIDE_2.1.1/STM32CubeIDE/plugins/com.st.stm32cube.ide.mcu.externaltools.gnu-tools-for-stm32.14.3.rel1.win32_1.0.100.202602081740/tools/bin/../lib/gcc/arm-none-eabi/14.3.1/thumb/v6-m/nofp\libgcc.a(_clzsi2.o)
 .ARM.attributes
                0x0000098c       0x1e D:/ST/STM32CubeIDE_2.1.1/STM32CubeIDE/plugins/com.st.stm32cube.ide.mcu.externaltools.gnu-tools-for-stm32.14.3.rel1.win32_1.0.100.202602081740/tools/bin/../lib/gcc/arm-none-eabi/14.3.1/thumb/v6-m/nofp/crtn.o
OUTPUT(Nucleo-U083RC_experiments.elf elf32-littlearm)
LOAD linker stubs
LOAD D:/ST/STM32CubeIDE_2.1.1/STM32CubeIDE/plugins/com.st.stm32cube.ide.mcu.externaltools.gnu-tools-for-stm32.14.3.rel1.win32_1.0.100.202602081740/tools/bin/../lib/gcc/arm-none-eabi/14.3.1/../../../../arm-none-eabi/lib/thumb/v6-m/nofp\libc.a
LOAD D:/ST/STM32CubeIDE_2.1.1/STM32CubeIDE/plugins/com.st.stm32cube.ide.mcu.externaltools.gnu-tools-for-stm32.14.3.rel1.win32_1.0.100.202602081740/tools/bin/../lib/gcc/arm-none-eabi/14.3.1/../../../../arm-none-eabi/lib/thumb/v6-m/nofp\libm.a
LOAD D:/ST/STM32CubeIDE_2.1.1/STM32CubeIDE/plugins/com.st.stm32cube.ide.mcu.externaltools.gnu-tools-for-stm32.14.3.rel1.win32_1.0.100.202602081740/tools/bin/../lib/gcc/arm-none-eabi/14.3.1/thumb/v6-m/nofp\libgcc.a

.debug_info     0x00000000     0xf624
 .debug_info    0x00000000      0xbd4 ./Core/Src/aes.o
 .debug_info    0x00000bd4      0x31d ./Core/Src/gpio.o
 .debug_info    0x00000ef1      0x64b ./Core/Src/main.o
 .debug_info    0x0000153c      0x855 ./Core/Src/rng.o
 .debug_info    0x00001d91      0x300 ./Core/Src/stm32u0xx_hal_msp.o
 .debug_info    0x00002091      0x9b6 ./Core/Src/stm32u0xx_it.o
 .debug_info    0x00002a47      0x6a3 ./Core/Src/syscalls.o
 .debug_info    0x000030ea      0x168 ./Core/Src/sysmem.o
 .debug_info    0x00003252      0x67a ./Core/Src/system_stm32u0xx.o
 .debug_info    0x000038cc       0x30 ./Core/Startup/startup_stm32u083rctx.o
 .debug_info    0x000038fc     0x164b ./Drivers/BSP/STM32U0xx_Nucleo/stm32u0xx_nucleo.o
 .debug_info    0x00004f47      0xab3 ./Drivers/STM32U0xx_HAL_Driver/Src/stm32u0xx_hal.o
 .debug_info    0x000059fa      0x8ef ./Drivers/STM32U0xx_HAL_Driver/Src/stm32u0xx_hal_cortex.o
 .debug_info    0x000062e9     0x17e3 ./Drivers/STM32U0xx_HAL_Driver/Src/stm32u0xx_hal_cryp.o
 .debug_info    0x00007acc      0x65e ./Drivers/STM32U0xx_HAL_Driver/Src/stm32u0xx_hal_exti.o
 .debug_info    0x0000812a      0x590 ./Drivers/STM32U0xx_HAL_Driver/Src/stm32u0xx_hal_gpio.o
 .debug_info    0x000086ba      0x855 ./Drivers/STM32U0xx_HAL_Driver/Src/stm32u0xx_hal_pwr_ex.o
 .debug_info    0x00008f0f      0xc37 ./Drivers/STM32U0xx_HAL_Driver/Src/stm32u0xx_hal_rcc.o
 .debug_info    0x00009b46      0xe98 ./Drivers/STM32U0xx_HAL_Driver/Src/stm32u0xx_hal_rcc_ex.o
 .debug_info    0x0000a9de      0x50f ./Drivers/STM32U0xx_HAL_Driver/Src/stm32u0xx_hal_rng.o
 .debug_info    0x0000aeed     0x4737 ./Drivers/STM32U0xx_HAL_Driver/Src/stm32u0xx_hal_uart.o

.debug_abbrev   0x00000000     0x2853
 .debug_abbrev  0x00000000      0x23e ./Core/Src/aes.o
 .debug_abbrev  0x0000023e       0xdd ./Core/Src/gpio.o
 .debug_abbrev  0x0000031b      0x1ff ./Core/Src/main.o
 .debug_abbrev  0x0000051a      0x1ff ./Core/Src/rng.o
 .debug_abbrev  0x00000719       0xdd ./Core/Src/stm32u0xx_hal_msp.o
 .debug_abbrev  0x000007f6      0x1de ./Core/Src/stm32u0xx_it.o
 .debug_abbrev  0x000009d4      0x1b6 ./Core/Src/syscalls.o
 .debug_abbrev  0x00000b8a       0xbc ./Core/Src/sysmem.o
 .debug_abbrev  0x00000c46      0x117 ./Core/Src/system_stm32u0xx.o
 .debug_abbrev  0x00000d5d       0x24 ./Core/Startup/startup_stm32u083rctx.o
 .debug_abbrev  0x00000d81      0x323 ./Drivers/BSP/STM32U0xx_Nucleo/stm32u0xx_nucleo.o
 .debug_abbrev  0x000010a4      0x29d ./Drivers/STM32U0xx_HAL_Driver/Src/stm32u0xx_hal.o
 .debug_abbrev  0x00001341      0x2ab ./Drivers/STM32U0xx_HAL_Driver/Src/stm32u0xx_hal_cortex.o
 .debug_abbrev  0x000015ec      0x2a3 ./Drivers/STM32U0xx_HAL_Driver/Src/stm32u0xx_hal_cryp.o
 .debug_abbrev  0x0000188f      0x197 ./Drivers/STM32U0xx_HAL_Driver/Src/stm32u0xx_hal_exti.o
 .debug_abbrev  0x00001a26      0x1c8 ./Drivers/STM32U0xx_HAL_Driver/Src/stm32u0xx_hal_gpio.o
 .debug_abbrev  0x00001bee      0x212 ./Drivers/STM32U0xx_HAL_Driver/Src/stm32u0xx_hal_pwr_ex.o
 .debug_abbrev  0x00001e00      0x2d8 ./Drivers/STM32U0xx_HAL_Driver/Src/stm32u0xx_hal_rcc.o
 .debug_abbrev  0x000020d8      0x28d ./Drivers/STM32U0xx_HAL_Driver/Src/stm32u0xx_hal_rcc_ex.o
 .debug_abbrev  0x00002365      0x1de ./Drivers/STM32U0xx_HAL_Driver/Src/stm32u0xx_hal_rng.o
 .debug_abbrev  0x00002543      0x310 ./Drivers/STM32U0xx_HAL_Driver/Src/stm32u0xx_hal_uart.o

.debug_aranges  0x00000000      0xd10
 .debug_aranges
                0x00000000       0x30 ./Core/Src/aes.o
 .debug_aranges
                0x00000030       0x20 ./Core/Src/gpio.o
 .debug_aranges
                0x00000050       0x38 ./Core/Src/main.o
 .debug_aranges
                0x00000088       0x50 ./Core/Src/rng.o
 .debug_aranges
                0x000000d8       0x20 ./Core/Src/stm32u0xx_hal_msp.o
 .debug_aranges
                0x000000f8       0x50 ./Core/Src/stm32u0xx_it.o
 .debug_aranges
                0x00000148       0xa8 ./Core/Src/syscalls.o
 .debug_aranges
                0x000001f0       0x20 ./Core/Src/sysmem.o
 .debug_aranges
                0x00000210       0x28 ./Core/Src/system_stm32u0xx.o
 .debug_aranges
                0x00000238       0x28 ./Core/Startup/startup_stm32u083rctx.o
 .debug_aranges
                0x00000260       0xc8 ./Drivers/BSP/STM32U0xx_Nucleo/stm32u0xx_nucleo.o
 .debug_aranges
                0x00000328      0x158 ./Drivers/STM32U0xx_HAL_Driver/Src/stm32u0xx_hal.o
 .debug_aranges
                0x00000480       0xe8 ./Drivers/STM32U0xx_HAL_Driver/Src/stm32u0xx_hal_cortex.o
 .debug_aranges
                0x00000568      0x178 ./Drivers/STM32U0xx_HAL_Driver/Src/stm32u0xx_hal_cryp.o
 .debug_aranges
                0x000006e0       0x60 ./Drivers/STM32U0xx_HAL_Driver/Src/stm32u0xx_hal_exti.o
 .debug_aranges
                0x00000740       0x60 ./Drivers/STM32U0xx_HAL_Driver/Src/stm32u0xx_hal_gpio.o
 .debug_aranges
                0x000007a0      0x130 ./Drivers/STM32U0xx_HAL_Driver/Src/stm32u0xx_hal_pwr_ex.o
 .debug_aranges
                0x000008d0       0x88 ./Drivers/STM32U0xx_HAL_Driver/Src/stm32u0xx_hal_rcc.o
 .debug_aranges
                0x00000958       0xf0 ./Drivers/STM32U0xx_HAL_Driver/Src/stm32u0xx_hal_rcc_ex.o
 .debug_aranges
                0x00000a48       0x80 ./Drivers/STM32U0xx_HAL_Driver/Src/stm32u0xx_hal_rng.o
 .debug_aranges
                0x00000ac8      0x248 ./Drivers/STM32U0xx_HAL_Driver/Src/stm32u0xx_hal_uart.o

.debug_rnglists
                0x00000000      0x9fb
 .debug_rnglists
                0x00000000       0x1f ./Core/Src/aes.o
 .debug_rnglists
                0x0000001f       0x13 ./Core/Src/gpio.o
 .debug_rnglists
                0x00000032       0x27 ./Core/Src/main.o
 .debug_rnglists
                0x00000059       0x38 ./Core/Src/rng.o
 .debug_rnglists
                0x00000091       0x13 ./Core/Src/stm32u0xx_hal_msp.o
 .debug_rnglists
                0x000000a4       0x37 ./Core/Src/stm32u0xx_it.o
 .debug_rnglists
                0x000000db       0x79 ./Core/Src/syscalls.o
 .debug_rnglists
                0x00000154       0x13 ./Core/Src/sysmem.o
 .debug_rnglists
                0x00000167       0x1a ./Core/Src/system_stm32u0xx.o
 .debug_rnglists
                0x00000181       0x19 ./Core/Startup/startup_stm32u083rctx.o
 .debug_rnglists
                0x0000019a       0x93 ./Drivers/BSP/STM32U0xx_Nucleo/stm32u0xx_nucleo.o
 .debug_rnglists
                0x0000022d       0xfe ./Drivers/STM32U0xx_HAL_Driver/Src/stm32u0xx_hal.o
 .debug_rnglists
                0x0000032b       0xaa ./Drivers/STM32U0xx_HAL_Driver/Src/stm32u0xx_hal_cortex.o
 .debug_rnglists
                0x000003d5      0x135 ./Drivers/STM32U0xx_HAL_Driver/Src/stm32u0xx_hal_cryp.o
 .debug_rnglists
                0x0000050a       0x47 ./Drivers/STM32U0xx_HAL_Driver/Src/stm32u0xx_hal_exti.o
 .debug_rnglists
                0x00000551       0x45 ./Drivers/STM32U0xx_HAL_Driver/Src/stm32u0xx_hal_gpio.o
 .debug_rnglists
                0x00000596       0xe6 ./Drivers/STM32U0xx_HAL_Driver/Src/stm32u0xx_hal_pwr_ex.o
 .debug_rnglists
                0x0000067c       0x68 ./Drivers/STM32U0xx_HAL_Driver/Src/stm32u0xx_hal_rcc.o
 .debug_rnglists
                0x000006e4       0xba ./Drivers/STM32U0xx_HAL_Driver/Src/stm32u0xx_hal_rcc_ex.o
 .debug_rnglists
                0x0000079e       0x60 ./Drivers/STM32U0xx_HAL_Driver/Src/stm32u0xx_hal_rng.o
 .debug_rnglists
                0x000007fe      0x1fd ./Drivers/STM32U0xx_HAL_Driver/Src/stm32u0xx_hal_uart.o

.debug_macro    0x00000000    0x1d4f3
 .debug_macro   0x00000000      0x307 ./Core/Src/aes.o
 .debug_macro   0x00000307      0xab4 ./Core/Src/aes.o
 .debug_macro   0x00000dbb      0x11e ./Core/Src/aes.o
 .debug_macro   0x00000ed9       0x2e ./Core/Src/aes.o
 .debug_macro   0x00000f07       0x28 ./Core/Src/aes.o
 .debug_macro   0x00000f2f       0x22 ./Core/Src/aes.o
 .debug_macro   0x00000f51       0x8e ./Core/Src/aes.o
 .debug_macro   0x00000fdf       0x51 ./Core/Src/aes.o
 .debug_macro   0x00001030      0x103 ./Core/Src/aes.o
 .debug_macro   0x00001133       0x6a ./Core/Src/aes.o
 .debug_macro   0x0000119d      0x1df ./Core/Src/aes.o
 .debug_macro   0x0000137c       0x1c ./Core/Src/aes.o
 .debug_macro   0x00001398       0x22 ./Core/Src/aes.o
 .debug_macro   0x000013ba       0xd1 ./Core/Src/aes.o
 .debug_macro   0x0000148b      0x4da ./Core/Src/aes.o
 .debug_macro   0x00001965      0x11f ./Core/Src/aes.o
 .debug_macro   0x00001a84     0xf876 ./Core/Src/aes.o
 .debug_macro   0x000112fa       0x6c ./Core/Src/aes.o
 .debug_macro   0x00011366     0x3463 ./Core/Src/aes.o
 .debug_macro   0x000147c9      0x190 ./Core/Src/aes.o
 .debug_macro   0x00014959       0x5a ./Core/Src/aes.o
 .debug_macro   0x000149b3     0x13de ./Core/Src/aes.o
 .debug_macro   0x00015d91      0x55f ./Core/Src/aes.o
 .debug_macro   0x000162f0      0x1cf ./Core/Src/aes.o
 .debug_macro   0x000164bf      0x177 ./Core/Src/aes.o
 .debug_macro   0x00016636      0x4fa ./Core/Src/aes.o
 .debug_macro   0x00016b30      0x280 ./Core/Src/aes.o
 .debug_macro   0x00016db0      0x41e ./Core/Src/aes.o
 .debug_macro   0x000171ce      0x1b2 ./Core/Src/aes.o
 .debug_macro   0x00017380       0x43 ./Core/Src/aes.o
 .debug_macro   0x000173c3      0x1f1 ./Core/Src/aes.o
 .debug_macro   0x000175b4      0x14c ./Core/Src/aes.o
 .debug_macro   0x00017700       0x27 ./Core/Src/aes.o
 .debug_macro   0x00017727      0x1e3 ./Core/Src/aes.o
 .debug_macro   0x0001790a      0x359 ./Core/Src/aes.o
 .debug_macro   0x00017c63       0x2e ./Core/Src/aes.o
 .debug_macro   0x00017c91       0xe4 ./Core/Src/aes.o
 .debug_macro   0x00017d75      0x128 ./Core/Src/aes.o
 .debug_macro   0x00017e9d      0x3c8 ./Core/Src/aes.o
 .debug_macro   0x00018265       0xa4 ./Core/Src/aes.o
 .debug_macro   0x00018309       0xad ./Core/Src/aes.o
 .debug_macro   0x000183b6       0x19 ./Core/Src/aes.o
 .debug_macro   0x000183cf      0x693 ./Core/Src/aes.o
 .debug_macro   0x00018a62       0xa6 ./Core/Src/aes.o
 .debug_macro   0x00018b08      0x590 ./Core/Src/aes.o
 .debug_macro   0x00019098       0x22 ./Core/Src/aes.o
 .debug_macro   0x000190ba       0x52 ./Core/Src/aes.o
 .debug_macro   0x0001910c       0x61 ./Core/Src/aes.o
 .debug_macro   0x0001916d       0x24 ./Core/Src/aes.o
 .debug_macro   0x00019191       0x43 ./Core/Src/aes.o
 .debug_macro   0x000191d4       0x34 ./Core/Src/aes.o
 .debug_macro   0x00019208       0x16 ./Core/Src/aes.o
 .debug_macro   0x0001921e       0x3c ./Core/Src/aes.o
 .debug_macro   0x0001925a      0x364 ./Core/Src/aes.o
 .debug_macro   0x000195be       0x10 ./Core/Src/aes.o
 .debug_macro   0x000195ce       0x16 ./Core/Src/aes.o
 .debug_macro   0x000195e4       0x4a ./Core/Src/aes.o
 .debug_macro   0x0001962e       0x34 ./Core/Src/aes.o
 .debug_macro   0x00019662       0x10 ./Core/Src/aes.o
 .debug_macro   0x00019672       0x58 ./Core/Src/aes.o
 .debug_macro   0x000196ca       0x8e ./Core/Src/aes.o
 .debug_macro   0x00019758       0x1c ./Core/Src/aes.o
 .debug_macro   0x00019774      0x17e ./Core/Src/aes.o
 .debug_macro   0x000198f2       0x16 ./Core/Src/aes.o
 .debug_macro   0x00019908       0x16 ./Core/Src/aes.o
 .debug_macro   0x0001991e      0x146 ./Core/Src/aes.o
 .debug_macro   0x00019a64       0xf2 ./Core/Src/aes.o
 .debug_macro   0x00019b56       0x4c ./Core/Src/aes.o
 .debug_macro   0x00019ba2      0x307 ./Core/Src/gpio.o
 .debug_macro   0x00019ea9      0x31e ./Core/Src/main.o
 .debug_macro   0x0001a1c7       0x10 ./Core/Src/main.o
 .debug_macro   0x0001a1d7      0x30d ./Core/Src/rng.o
 .debug_macro   0x0001a4e4      0x2fd ./Core/Src/stm32u0xx_hal_msp.o
 .debug_macro   0x0001a7e1      0x307 ./Core/Src/stm32u0xx_it.o
 .debug_macro   0x0001aae8      0x274 ./Core/Src/syscalls.o
 .debug_macro   0x0001ad5c       0x5b ./Core/Src/syscalls.o
 .debug_macro   0x0001adb7       0x94 ./Core/Src/syscalls.o
 .debug_macro   0x0001ae4b       0x57 ./Core/Src/syscalls.o
 .debug_macro   0x0001aea2       0x10 ./Core/Src/syscalls.o
 .debug_macro   0x0001aeb2       0x10 ./Core/Src/syscalls.o
 .debug_macro   0x0001aec2       0x10 ./Core/Src/syscalls.o
 .debug_macro   0x0001aed2       0x10 ./Core/Src/syscalls.o
 .debug_macro   0x0001aee2       0x1c ./Core/Src/syscalls.o
 .debug_macro   0x0001aefe       0x52 ./Core/Src/syscalls.o
 .debug_macro   0x0001af50       0x22 ./Core/Src/syscalls.o
 .debug_macro   0x0001af72       0x10 ./Core/Src/syscalls.o
 .debug_macro   0x0001af82       0x52 ./Core/Src/syscalls.o
 .debug_macro   0x0001afd4       0xcf ./Core/Src/syscalls.o
 .debug_macro   0x0001b0a3       0x1c ./Core/Src/syscalls.o
 .debug_macro   0x0001b0bf       0x3d ./Core/Src/syscalls.o
 .debug_macro   0x0001b0fc       0x35 ./Core/Src/syscalls.o
 .debug_macro   0x0001b131      0x12c ./Core/Src/syscalls.o
 .debug_macro   0x0001b25d       0x16 ./Core/Src/syscalls.o
 .debug_macro   0x0001b273       0x16 ./Core/Src/syscalls.o
 .debug_macro   0x0001b289       0x29 ./Core/Src/syscalls.o
 .debug_macro   0x0001b2b2       0x10 ./Core/Src/syscalls.o
 .debug_macro   0x0001b2c2      0x242 ./Core/Src/syscalls.o
 .debug_macro   0x0001b504       0x1c ./Core/Src/syscalls.o
 .debug_macro   0x0001b520       0x10 ./Core/Src/syscalls.o
 .debug_macro   0x0001b530      0x18a ./Core/Src/syscalls.o
 .debug_macro   0x0001b6ba       0x16 ./Core/Src/syscalls.o
 .debug_macro   0x0001b6d0       0xce ./Core/Src/syscalls.o
 .debug_macro   0x0001b79e      0x112 ./Core/Src/sysmem.o
 .debug_macro   0x0001b8b0      0x23c ./Core/Src/sysmem.o
 .debug_macro   0x0001baec      0x201 ./Core/Src/system_stm32u0xx.o
 .debug_macro   0x0001bced      0x2fa ./Drivers/BSP/STM32U0xx_Nucleo/stm32u0xx_nucleo.o
 .debug_macro   0x0001bfe7       0x1c ./Drivers/BSP/STM32U0xx_Nucleo/stm32u0xx_nucleo.o
 .debug_macro   0x0001c003      0x219 ./Drivers/STM32U0xx_HAL_Driver/Src/stm32u0xx_hal.o
 .debug_macro   0x0001c21c      0x1f5 ./Drivers/STM32U0xx_HAL_Driver/Src/stm32u0xx_hal_cortex.o
 .debug_macro   0x0001c411      0x274 ./Drivers/STM32U0xx_HAL_Driver/Src/stm32u0xx_hal_cryp.o
 .debug_macro   0x0001c685      0x201 ./Drivers/STM32U0xx_HAL_Driver/Src/stm32u0xx_hal_exti.o
 .debug_macro   0x0001c886      0x1fb ./Drivers/STM32U0xx_HAL_Driver/Src/stm32u0xx_hal_gpio.o
 .debug_macro   0x0001ca81      0x225 ./Drivers/STM32U0xx_HAL_Driver/Src/stm32u0xx_hal_pwr_ex.o
 .debug_macro   0x0001cca6      0x22b ./Drivers/STM32U0xx_HAL_Driver/Src/stm32u0xx_hal_rcc.o
 .debug_macro   0x0001ced1      0x207 ./Drivers/STM32U0xx_HAL_Driver/Src/stm32u0xx_hal_rcc_ex.o
 .debug_macro   0x0001d0d8      0x1fb ./Drivers/STM32U0xx_HAL_Driver/Src/stm32u0xx_hal_rng.o
 .debug_macro   0x0001d2d3      0x220 ./Drivers/STM32U0xx_HAL_Driver/Src/stm32u0xx_hal_uart.o

.debug_line     0x00000000    0x13206
 .debug_line    0x00000000      0x9c0 ./Core/Src/aes.o
 .debug_line    0x000009c0      0x967 ./Core/Src/gpio.o
 .debug_line    0x00001327      0xa5e ./Core/Src/main.o
 .debug_line    0x00001d85      0xa4c ./Core/Src/rng.o
 .debug_line    0x000027d1      0x969 ./Core/Src/stm32u0xx_hal_msp.o
 .debug_line    0x0000313a      0x9f7 ./Core/Src/stm32u0xx_it.o
 .debug_line    0x00003b31      0x8b1 ./Core/Src/syscalls.o
 .debug_line    0x000043e2      0x58d ./Core/Src/sysmem.o
 .debug_line    0x0000496f      0x885 ./Core/Src/system_stm32u0xx.o
 .debug_line    0x000051f4       0x7b ./Core/Startup/startup_stm32u083rctx.o
 .debug_line    0x0000526f      0xcc7 ./Drivers/BSP/STM32U0xx_Nucleo/stm32u0xx_nucleo.o
 .debug_line    0x00005f36      0xc1c ./Drivers/STM32U0xx_HAL_Driver/Src/stm32u0xx_hal.o
 .debug_line    0x00006b52      0xbfc ./Drivers/STM32U0xx_HAL_Driver/Src/stm32u0xx_hal_cortex.o
 .debug_line    0x0000774e     0x2e9a ./Drivers/STM32U0xx_HAL_Driver/Src/stm32u0xx_hal_cryp.o
 .debug_line    0x0000a5e8      0xb70 ./Drivers/STM32U0xx_HAL_Driver/Src/stm32u0xx_hal_exti.o
 .debug_line    0x0000b158      0xbda ./Drivers/STM32U0xx_HAL_Driver/Src/stm32u0xx_hal_gpio.o
 .debug_line    0x0000bd32      0xcfc ./Drivers/STM32U0xx_HAL_Driver/Src/stm32u0xx_hal_pwr_ex.o
 .debug_line    0x0000ca2e     0x1111 ./Drivers/STM32U0xx_HAL_Driver/Src/stm32u0xx_hal_rcc.o
 .debug_line    0x0000db3f     0x1416 ./Drivers/STM32U0xx_HAL_Driver/Src/stm32u0xx_hal_rcc_ex.o
 .debug_line    0x0000ef55      0xaf9 ./Drivers/STM32U0xx_HAL_Driver/Src/stm32u0xx_hal_rng.o
 .debug_line    0x0000fa4e     0x37b8 ./Drivers/STM32U0xx_HAL_Driver/Src/stm32u0xx_hal_uart.o

.debug_str      0x00000000    0xb173f
 .debug_str     0x00000000    0xb173f ./Core/Src/aes.o
                              0xabed9 (size before relaxing)
 .debug_str     0x000b173f    0xab6c9 ./Core/Src/gpio.o
 .debug_str     0x000b173f    0xaba90 ./Core/Src/main.o
 .debug_str     0x000b173f    0xabd64 ./Core/Src/rng.o
 .debug_str     0x000b173f    0xab6c9 ./Core/Src/stm32u0xx_hal_msp.o
 .debug_str     0x000b173f    0xabc6e ./Core/Src/stm32u0xx_it.o
 .debug_str     0x000b173f     0x987a ./Core/Src/syscalls.o
 .debug_str     0x000b173f     0x7624 ./Core/Src/sysmem.o
 .debug_str     0x000b173f    0xa7892 ./Core/Src/system_stm32u0xx.o
 .debug_str     0x000b173f       0x90 ./Core/Startup/startup_stm32u083rctx.o
 .debug_str     0x000b173f    0xac3ca ./Drivers/BSP/STM32U0xx_Nucleo/stm32u0xx_nucleo.o
 .debug_str     0x000b173f    0xa8044 ./Drivers/STM32U0xx_HAL_Driver/Src/stm32u0xx_hal.o
 .debug_str     0x000b173f    0xa7c2d ./Drivers/STM32U0xx_HAL_Driver/Src/stm32u0xx_hal_cortex.o
 .debug_str     0x000b173f    0xa8298 ./Drivers/STM32U0xx_HAL_Driver/Src/stm32u0xx_hal_cryp.o
 .debug_str     0x000b173f    0xa78b2 ./Drivers/STM32U0xx_HAL_Driver/Src/stm32u0xx_hal_exti.o
 .debug_str     0x000b173f    0xa7848 ./Drivers/STM32U0xx_HAL_Driver/Src/stm32u0xx_hal_gpio.o
 .debug_str     0x000b173f    0xa7cad ./Drivers/STM32U0xx_HAL_Driver/Src/stm32u0xx_hal_pwr_ex.o
 .debug_str     0x000b173f    0xa7f63 ./Drivers/STM32U0xx_HAL_Driver/Src/stm32u0xx_hal_rcc.o
 .debug_str     0x000b173f    0xa8015 ./Drivers/STM32U0xx_HAL_Driver/Src/stm32u0xx_hal_rcc_ex.o
 .debug_str     0x000b173f    0xa78d0 ./Drivers/STM32U0xx_HAL_Driver/Src/stm32u0xx_hal_rng.o
 .debug_str     0x000b173f    0xa85a3 ./Drivers/STM32U0xx_HAL_Driver/Src/stm32u0xx_hal_uart.o

.comment        0x00000000       0x43
 .comment       0x00000000       0x43 ./Core/Src/aes.o
                                 0x44 (size before relaxing)
 .comment       0x00000043       0x44 ./Core/Src/gpio.o
 .comment       0x00000043       0x44 ./Core/Src/main.o
 .comment       0x00000043       0x44 ./Core/Src/rng.o
 .comment       0x00000043       0x44 ./Core/Src/stm32u0xx_hal_msp.o
 .comment       0x00000043       0x44 ./Core/Src/stm32u0xx_it.o
 .comment       0x00000043       0x44 ./Core/Src/syscalls.o
 .comment       0x00000043       0x44 ./Core/Src/sysmem.o
 .comment       0x00000043       0x44 ./Core/Src/system_stm32u0xx.o
 .comment       0x00000043       0x44 ./Drivers/BSP/STM32U0xx_Nucleo/stm32u0xx_nucleo.o
 .comment       0x00000043       0x44 ./Drivers/STM32U0xx_HAL_Driver/Src/stm32u0xx_hal.o
 .comment       0x00000043       0x44 ./Drivers/STM32U0xx_HAL_Driver/Src/stm32u0xx_hal_cortex.o
 .comment       0x00000043       0x44 ./Drivers/STM32U0xx_HAL_Driver/Src/stm32u0xx_hal_cryp.o
 .comment       0x00000043       0x44 ./Drivers/STM32U0xx_HAL_Driver/Src/stm32u0xx_hal_exti.o
 .comment       0x00000043       0x44 ./Drivers/STM32U0xx_HAL_Driver/Src/stm32u0xx_hal_gpio.o
 .comment       0x00000043       0x44 ./Drivers/STM32U0xx_HAL_Driver/Src/stm32u0xx_hal_pwr_ex.o
 .comment       0x00000043       0x44 ./Drivers/STM32U0xx_HAL_Driver/Src/stm32u0xx_hal_rcc.o
 .comment       0x00000043       0x44 ./Drivers/STM32U0xx_HAL_Driver/Src/stm32u0xx_hal_rcc_ex.o
 .comment       0x00000043       0x44 ./Drivers/STM32U0xx_HAL_Driver/Src/stm32u0xx_hal_rng.o
 .comment       0x00000043       0x44 ./Drivers/STM32U0xx_HAL_Driver/Src/stm32u0xx_hal_uart.o

.debug_frame    0x00000000     0x347c
 .debug_frame   0x00000000       0x6c ./Core/Src/aes.o
 .debug_frame   0x0000006c       0x30 ./Core/Src/gpio.o
 .debug_frame   0x0000009c       0x88 ./Core/Src/main.o
 .debug_frame   0x00000124       0xec ./Core/Src/rng.o
 .debug_frame   0x00000210       0x30 ./Core/Src/stm32u0xx_hal_msp.o
 .debug_frame   0x00000240       0xd4 ./Core/Src/stm32u0xx_it.o
 .debug_frame   0x00000314      0x244 ./Core/Src/syscalls.o
 .debug_frame   0x00000558       0x30 ./Core/Src/sysmem.o
 .debug_frame   0x00000588       0x50 ./Core/Src/system_stm32u0xx.o
 .debug_frame   0x000005d8      0x2c0 ./Drivers/BSP/STM32U0xx_Nucleo/stm32u0xx_nucleo.o
 .debug_frame   0x00000898      0x4a8 ./Drivers/STM32U0xx_HAL_Driver/Src/stm32u0xx_hal.o
 .debug_frame   0x00000d40      0x33c ./Drivers/STM32U0xx_HAL_Driver/Src/stm32u0xx_hal_cortex.o
 .debug_frame   0x0000107c      0x590 ./Drivers/STM32U0xx_HAL_Driver/Src/stm32u0xx_hal_cryp.o
 .debug_frame   0x0000160c      0x130 ./Drivers/STM32U0xx_HAL_Driver/Src/stm32u0xx_hal_exti.o
 .debug_frame   0x0000173c      0x130 ./Drivers/STM32U0xx_HAL_Driver/Src/stm32u0xx_hal_gpio.o
 .debug_frame   0x0000186c      0x414 ./Drivers/STM32U0xx_HAL_Driver/Src/stm32u0xx_hal_pwr_ex.o
 .debug_frame   0x00001c80      0x1c4 ./Drivers/STM32U0xx_HAL_Driver/Src/stm32u0xx_hal_rcc.o
 .debug_frame   0x00001e44      0x34c ./Drivers/STM32U0xx_HAL_Driver/Src/stm32u0xx_hal_rcc_ex.o
 .debug_frame   0x00002190      0x1b4 ./Drivers/STM32U0xx_HAL_Driver/Src/stm32u0xx_hal_rng.o
 .debug_frame   0x00002344      0x8d8 ./Drivers/STM32U0xx_HAL_Driver/Src/stm32u0xx_hal_uart.o
 .debug_frame   0x00002c1c      0x138 D:/ST/STM32CubeIDE_2.1.1/STM32CubeIDE/plugins/com.st.stm32cube.ide.mcu.externaltools.gnu-tools-for-stm32.14.3.rel1.win32_1.0.100.202602081740/tools/bin/../lib/gcc/arm-none-eabi/14.3.1/../../../../arm-none-eabi/lib/thumb/v6-m/nofp\libc_nano.a(libc_a-findfp.o)
 .debug_frame   0x00002d54       0x34 D:/ST/STM32CubeIDE_2.1.1/STM32CubeIDE/plugins/com.st.stm32cube.ide.mcu.externaltools.gnu-tools-for-stm32.14.3.rel1.win32_1.0.100.202602081740/tools/bin/../lib/gcc/arm-none-eabi/14.3.1/../../../../arm-none-eabi/lib/thumb/v6-m/nofp\libc_nano.a(libc_a-fwalk.o)
 .debug_frame   0x00002d88       0x4c D:/ST/STM32CubeIDE_2.1.1/STM32CubeIDE/plugins/com.st.stm32cube.ide.mcu.externaltools.gnu-tools-for-stm32.14.3.rel1.win32_1.0.100.202602081740/tools/bin/../lib/gcc/arm-none-eabi/14.3.1/../../../../arm-none-eabi/lib/thumb/v6-m/nofp\libc_nano.a(libc_a-printf.o)
 .debug_frame   0x00002dd4       0x44 D:/ST/STM32CubeIDE_2.1.1/STM32CubeIDE/plugins/com.st.stm32cube.ide.mcu.externaltools.gnu-tools-for-stm32.14.3.rel1.win32_1.0.100.202602081740/tools/bin/../lib/gcc/arm-none-eabi/14.3.1/../../../../arm-none-eabi/lib/thumb/v6-m/nofp\libc_nano.a(libc_a-puts.o)
 .debug_frame   0x00002e18       0x90 D:/ST/STM32CubeIDE_2.1.1/STM32CubeIDE/plugins/com.st.stm32cube.ide.mcu.externaltools.gnu-tools-for-stm32.14.3.rel1.win32_1.0.100.202602081740/tools/bin/../lib/gcc/arm-none-eabi/14.3.1/../../../../arm-none-eabi/lib/thumb/v6-m/nofp\libc_nano.a(libc_a-stdio.o)
 .debug_frame   0x00002ea8       0x48 D:/ST/STM32CubeIDE_2.1.1/STM32CubeIDE/plugins/com.st.stm32cube.ide.mcu.externaltools.gnu-tools-for-stm32.14.3.rel1.win32_1.0.100.202602081740/tools/bin/../lib/gcc/arm-none-eabi/14.3.1/../../../../arm-none-eabi/lib/thumb/v6-m/nofp\libc_nano.a(libc_a-wbuf.o)
 .debug_frame   0x00002ef0       0x2c D:/ST/STM32CubeIDE_2.1.1/STM32CubeIDE/plugins/com.st.stm32cube.ide.mcu.externaltools.gnu-tools-for-stm32.14.3.rel1.win32_1.0.100.202602081740/tools/bin/../lib/gcc/arm-none-eabi/14.3.1/../../../../arm-none-eabi/lib/thumb/v6-m/nofp\libc_nano.a(libc_a-wsetup.o)
 .debug_frame   0x00002f1c       0x20 D:/ST/STM32CubeIDE_2.1.1/STM32CubeIDE/plugins/com.st.stm32cube.ide.mcu.externaltools.gnu-tools-for-stm32.14.3.rel1.win32_1.0.100.202602081740/tools/bin/../lib/gcc/arm-none-eabi/14.3.1/../../../../arm-none-eabi/lib/thumb/v6-m/nofp\libc_nano.a(libc_a-memset.o)
 .debug_frame   0x00002f3c       0x2c D:/ST/STM32CubeIDE_2.1.1/STM32CubeIDE/plugins/com.st.stm32cube.ide.mcu.externaltools.gnu-tools-for-stm32.14.3.rel1.win32_1.0.100.202602081740/tools/bin/../lib/gcc/arm-none-eabi/14.3.1/../../../../arm-none-eabi/lib/thumb/v6-m/nofp\libc_nano.a(libc_a-closer.o)