../Drivers/STM32U0xx_HAL_Driver/Src/stm32u0xx_hal_cryp.c:452:19:HAL_CRYP_Init	16	static
../Drivers/STM32U0xx_HAL_Driver/Src/stm32u0xx_hal_cryp.c:521:19:HAL_CRYP_DeInit	16	static
../Drivers/STM32U0xx_HAL_Driver/Src/stm32u0xx_hal_cryp.c:574:19:HAL_CRYP_SetConfig	16	static
../Drivers/STM32U0xx_HAL_Driver/Src/stm32u0xx_hal_cryp.c:648:19:HAL_CRYP_GetConfig	16	static
../Drivers/STM32U0xx_HAL_Driver/Src/stm32u0xx_hal_cryp.c:702:13:HAL_CRYP_MspInit	16	static
../Drivers/STM32U0xx_HAL_Driver/Src/stm32u0xx_hal_cryp.c:718:13:HAL_CRYP_MspDeInit	16	static
../Drivers/STM32U0xx_HAL_Driver/Src/stm32u0xx_hal_cryp.c:1212:19:HAL_CRYP_Encrypt	40	static
../Drivers/STM32U0xx_HAL_Driver/Src/stm32u0xx_hal_cryp.c:1313:19:HAL_CRYP_Decrypt	40	static
../Drivers/STM32U0xx_HAL_Driver/Src/stm32u0xx_hal_cryp.c:1413:19:HAL_CRYP_Encrypt_IT	40	static
../Drivers/STM32U0xx_HAL_Driver/Src/stm32u0xx_hal_cryp.c:1523:19:HAL_CRYP_Decrypt_IT	40	static
../Drivers/STM32U0xx_HAL_Driver/Src/stm32u0xx_hal_cryp.c:1632:19:HAL_CRYP_Encrypt_DMA	48	static
../Drivers/STM32U0xx_HAL_Driver/Src/stm32u0xx_hal_cryp.c:1760:19:HAL_CRYP_Decrypt_DMA	40	static
../Drivers/STM32U0xx_HAL_Driver/Src/stm32u0xx_hal_cryp.c:1869:6:HAL_CRYP_IRQHandler	24	static
../Drivers/STM32U0xx_HAL_Driver/Src/stm32u0xx_hal_cryp.c:1923:10:HAL_CRYP_GetError	16	static
../Drivers/STM32U0xx_HAL_Driver/Src/stm32u0xx_hal_cryp.c:1934:23:HAL_CRYP_GetState	16	static
../Drivers/STM32U0xx_HAL_Driver/Src/stm32u0xx_hal_cryp.c:1945:13:HAL_CRYP_InCpltCallback	16	static
../Drivers/STM32U0xx_HAL_Driver/Src/stm32u0xx_hal_cryp.c:1961:13:HAL_CRYP_OutCpltCallback	16	static
../Drivers/STM32U0xx_HAL_Driver/Src/stm32u0xx_hal_cryp.c:1977:13:HAL_CRYP_ErrorCallback	16	static
../Drivers/STM32U0xx_HAL_Driver/Src/stm32u0xx_hal_cryp.c:2005:26:CRYP_AES_Encrypt	24	static
../Drivers/STM32U0xx_HAL_Driver/Src/stm32u0xx_hal_cryp.c:2075:26:CRYP_AES_Encrypt_IT	24	static
../Drivers/STM32U0xx_HAL_Driver/Src/stm32u0xx_hal_cryp.c:2154:26:CRYP_AES_Decrypt	24	static
../Drivers/STM32U0xx_HAL_Driver/Src/stm32u0xx_hal_cryp.c:2270:26:CRYP_AES_Decrypt_IT	24	static
../Drivers/STM32U0xx_HAL_Driver/Src/stm32u0xx_hal_cryp.c:2400:26:CRYP_AES_Decrypt_DMA	24	static
../Drivers/STM32U0xx_HAL_Driver/Src/stm32u0xx_hal_cryp.c:2516:13:CRYP_DMAInCplt	40	static
../Drivers/STM32U0xx_HAL_Driver/Src/stm32u0xx_hal_cryp.c:2626:13:CRYP_DMAOutCplt	56	static
../Drivers/STM32U0xx_HAL_Driver/Src/stm32u0xx_hal_cryp.c:2739:13:CRYP_DMAError	24	static
../Drivers/STM32U0xx_HAL_Driver/Src/stm32u0xx_hal_cryp.c:2771:13:CRYP_SetDMAConfig	24	static
../Drivers/STM32U0xx_HAL_Driver/Src/stm32u0xx_hal_cryp.c:2833:26:CRYP_SetHeaderDMAConfig	24	static
../Drivers/STM32U0xx_HAL_Driver/Src/stm32u0xx_hal_cryp.c:2869:13:CRYP_AES_ProcessData	40	static
../Drivers/STM32U0xx_HAL_Driver/Src/stm32u0xx_hal_cryp.c:2932:13:CRYP_AES_IT	40	static
../Drivers/STM32U0xx_HAL_Driver/Src/stm32u0xx_hal_cryp.c:3047:13:CRYP_SetKey	16	static
../Drivers/STM32U0xx_HAL_Driver/Src/stm32u0xx_hal_cryp.c:3083:26:CRYP_AESGCM_Process	64	static
../Drivers/STM32U0xx_HAL_Driver/Src/stm32u0xx_hal_cryp.c:3287:26:CRYP_AESGCM_Process_IT	48	static
../Drivers/STM32U0xx_HAL_Driver/Src/stm32u0xx_hal_cryp.c:3655:26:CRYP_AESGCM_Process_DMA	24	static
../Drivers/STM32U0xx_HAL_Driver/Src/stm32u0xx_hal_cryp.c:3758:26:CRYP_AESCCM_Process	64	static
../Drivers/STM32U0xx_HAL_Driver/Src/stm32u0xx_hal_cryp.c:3958:26:CRYP_AESCCM_Process_IT	48	static
../Drivers/STM32U0xx_HAL_Driver/Src/stm32u0xx_hal_cryp.c:4316:26:CRYP_AESCCM_Process_DMA	24	static
../Drivers/STM32U0xx_HAL_Driver/Src/stm32u0xx_hal_cryp.c:4418:13:CRYP_GCMCCM_SetPayloadPhase_IT	64	static
../Drivers/STM32U0xx_HAL_Driver/Src/stm32u0xx_hal_cryp.c:4573:26:CRYP_GCMCCM_SetPayloadPhase_DMA	64	static
../Drivers/STM32U0xx_HAL_Driver/Src/stm32u0xx_hal_cryp.c:4707:26:CRYP_GCMCCM_SetHeaderPhase	32	static
../Drivers/STM32U0xx_HAL_Driver/Src/stm32u0xx_hal_cryp.c:4868:26:CRYP_GCMCCM_SetHeaderPhase_DMA	32	static
../Drivers/STM32U0xx_HAL_Driver/Src/stm32u0xx_hal_cryp.c:4988:13:CRYP_GCMCCM_SetHeaderPhase_IT	40	static
../Drivers/STM32U0xx_HAL_Driver/Src/stm32u0xx_hal_cryp.c:5189:26:CRYP_WaitOnCCFlag	24	static
../Drivers/STM32U0xx_HAL_Driver/Src/stm32u0xx_hal_cryp.c:5218:13:CRYP_ClearCCFlagWhenHigh	24	static
